VBCSCompilerPreWarmer: pre-warm launched (dotnet PID 19656)
VBCSCompiler prewarm took 9.30 ms
[Licensing::Module] Trying to connect to existing licensing client channel...
[Licensing::IpcConnector] Successfully connected to: "LicenseClient-maksi" at "2026-09-16T12:36:51.9746873Z"
Built from '6000.6/respin/6000.6.0f1-fa21a270ab12' branch; Version is '6000.6.0f1 (f7f8ed4d1e24) revision 16251117'; Using compiler version '194234433'; Build Type 'Release'
OS: 'Windows 11  (10.0.26200) Professional' Language: 'ru' Physical Memory: 32449 MB
BatchMode: 0, IsHumanControllingUs: 1, StartBugReporterOnCrash: 1, Is64bit: 1
System  architecture: x64
Process architecture: x64
Date: 2026-09-16T12:36:51Z
[Licensing::Client] Code 10 while verifying Licensing Client signature (process Id: 25756, path: "C:/Program Files/Unity Hub/UnityLicensingClient_V1/Unity.Licensing.Client.exe")
[Licensing::Module] LicensingClient has failed validation; ignoring
[Licensing::Client] Handshaking with LicensingClient:
  Version:                 1.18.3+d7ffd15
  Session Id:              d49c7729c0b544b2bf3ded470f1b67a9
  Correlation Id:          bb15e8aca3a221fd6e0a5cee0a392158
  External correlation Id: 5872574135164190300
  Machine Id:              3AYwqKr4+BBsh/2CYuvxhbpugSw=
[Licensing::Module] Successfully connected to LicensingClient on channel: "LicenseClient-maksi" (connect: 0.00s, validation: 0.00s, handshake: 0.04s)
[Licensing::IpcConnector] Successfully connected to: "LicenseClient-maksi-notifications" at "2026-09-16T12:36:52.0160837Z"
[Licensing::Client] Successfully updated the access token
[Licensing::Module] Successfully updated the access token Ar_iHLN7-j...
[Licensing::Client] Successfully resolved entitlement details
[Licensing::Module] License group:
  Id: 10171541237162-UnityPersXXXX
  Product: Unity Personal
  Type: Assigned
  Expiration: Unlimited
[Licensing::Client] Successfully updated license, isAsync: True, time: 0.01
[Licensing::Client] Successfully resolved entitlement details
[Licensing::Module] Licensing Background thread has ended after 0.06s

COMMAND LINE ARGUMENTS:
C:\Program Files\Unity\Hub\Editor\6000.6.0f1\Editor\Unity.exe
-projectpath
C:\Users\maksi\PR4_Visual_UI
-acceptSoftwareTermsForThisRunOnly
-useHub
-hubIPC
-cloudEnvironment
production
-licensingIpc
LicenseClient-maksi
-hubSessionId
b171f46c-22fa-4e4a-95f8-0de466fd0e3e
-accessToken
Ar_iHLN7-jeNQ__gW6sP9cUKNcpBeO3HTx_15AAk7J0009f
Successfully changed project path to: C:\Users\maksi\PR4_Visual_UI
C:/Users/maksi/PR4_Visual_UI
[UnityMemory] Configuration Parameters - Can be set up in boot.config
    "memorysetup-temp-allocator-size-gi-baking-worker=262144"
    "memorysetup-temp-allocator-size-gi-baking-worker=262144"
    "memorysetup-temp-allocator-size-gi-baking-worker=262144"
    "memorysetup-temp-allocator-size-gi-baking-worker=262144"
    "memorysetup-temp-allocator-size-gi-baking-worker=262144"
    "memorysetup-temp-allocator-size-nav-mesh-worker=65536"
    "memorysetup-temp-allocator-size-audio-worker=65536"
    "memorysetup-temp-allocator-size-cloud-worker=32768"
    "memorysetup-temp-allocator-size-gfx=262144"
    "memorysetup-remapper-allocator-initial-capacity=32768"
    "memorysetup-temp-allocator-size-preload-manager=33554432"
    "memorysetup-allocator-temp-initial-block-size-main=262144"
    "memorysetup-allocator-temp-initial-block-size-worker=262144"
    "memorysetup-temp-allocator-size-job-worker=262144"
    "memorysetup-temp-allocator-size-background-worker=32768"
    "memorysetup-bucket-allocator-granularity=16"
    "memorysetup-bucket-allocator-bucket-count=8"
    "memorysetup-bucket-allocator-block-size=33554432"
    "memorysetup-bucket-allocator-block-count=8"
    "memorysetup-main-allocator-block-size=16777216"
    "memorysetup-thread-allocator-block-size=16777216"
    "memorysetup-main-allocator-mimalloc-enabled=1"
    "memorysetup-gfx-main-allocator-block-size=16777216"
    "memorysetup-gfx-thread-allocator-block-size=16777216"
    "memorysetup-cache-allocator-block-size=4194304"
    "memorysetup-typetree-allocator-block-size=2097152"
    "memorysetup-profiler-bucket-allocator-granularity=16"
    "memorysetup-profiler-bucket-allocator-bucket-count=8"
    "memorysetup-profiler-bucket-allocator-block-size=33554432"
    "memorysetup-profiler-bucket-allocator-block-count=8"
    "memorysetup-profiler-allocator-block-size=16777216"
    "memorysetup-profiler-editor-allocator-block-size=1048576"
    "memorysetup-temp-allocator-size-main=16777216"
    "memorysetup-job-temp-allocator-block-size=2097152"
    "memorysetup-job-temp-allocator-block-size-background=1048576"
    "memorysetup-job-temp-allocator-reduction-small-platforms=262144"
Player connection [27276]  Target information:

Player connection [27276]  * "[IP] 192.168.0.14 [Port] 55504 [Flags] 2 [Guid] 3730349456 [EditorId] 3730349456 [Version] 1048832 [Id] WindowsEditor(7,MAZUTA) [Debug] 1 [PackageName] WindowsEditor [ProjectName] Editor" 

Player connection [27276] Host joined multi-casting on [225.0.0.222:54997]...
Player connection [27276] Host joined alternative multi-casting on [225.0.0.222:34997]...
Input System module state changed to: Initialized.
[Physics::Module] Initialized fallback backend.
[Physics::Module] Id: 0xdecafbad
[Package Manager] Connected to IPC stream "Upm-26444" after 0.3 seconds.
[Licensing::Client] Successfully resolved entitlement details
Library Redirect Path: Library/
Initialising UDS system complete:
  - System type: Client
  - Resource namespace: b50e083396909548b0d04535c85d7db4
  - Shared memory size: 1073741824
  - Command buffer id: 1052576
  - Command buffer size: 8192
  - Hashmap size: 4194304
  - Service connected: false
Launching Unity Data Store - C:/Program Files/Unity/Hub/Editor/6000.6.0f1/Editor/Data/Tools/Unity.DataStore.exe 
Unity Data Store artifact dir = Library/DataStore, working dir = C:/Users/maksi/PR4_Visual_UI[Physics::Module] Selected backend.
[Physics::Module] Name: PhysX
[Physics::Module] Id: 0xf2b8ea05
[Physics::Module] SDK Version: 4.1.2
[Physics::Module] Integration Version: 1.0.0
[Physics::Module] Threading Mode: Multi-Threaded
Unity Data Store running and initialised
Initialize engine version: 6000.6.0f1 (f7f8ed4d1e24)
[EntityIdStore] init: VM path (explicit commit), pageSize=4096, blockCount=1048576, entitiesPerBlock=256, slots reserved=4294967296 bytes
[Subsystems] Discovering subsystems at path C:/Program Files/Unity/Hub/Editor/6000.6.0f1/Editor/Data/Resources/UnitySubsystems
[Subsystems] Discovering subsystems at path C:/Users/maksi/PR4_Visual_UI/Assets
[D3D12 Device Filter] Vendor Name: NVIDIA
[D3D12 Device Filter] Device Name: NVIDIA GeForce RTX 5070
[D3D12 Device Filter] Driver Version: 32.0.16.1088
[D3D12 Device Filter] Feature Level: 12.2
[D3D12 Device Filter] Graphics Memory: 11943 MB
[D3D12 Device Filter] Processor Count: 12
[D3D12 Device Filter] Device Type: Discrete
GfxDevice: creating device client; kGfxThreadingModeSplitJobs
d3d12: failed to query info queue interface (0x80004002).
Direct3D:
    Version:         Direct3D 12 [level 12.2]
    Renderer:        NVIDIA GeForce RTX 5070 (ID=0x2f04)
    Vendor:          NVIDIA
    VRAM:            11943 MB
    App VRAM Budget: 11175 MB
    Driver:          32.0.16.1088
Initialize mono
Mono path[0] = 'C:/Program Files/Unity/Hub/Editor/6000.6.0f1/Editor/Data/Managed'
Mono path[1] = 'C:/Program Files/Unity/Hub/Editor/6000.6.0f1/Editor/Data/BCLExtensions/runtime/netstandard2.1'
Mono path[2] = 'C:/Program Files/Unity/Hub/Editor/6000.6.0f1/Editor/Data/MonoBleedingEdge/lib/mono/unityjit-win32'
Mono config path = 'C:/Program Files/Unity/Hub/Editor/6000.6.0f1/Editor/Data/MonoBleedingEdge/etc'
Using monoOptions --debugger-agent=transport=dt_socket,embedding=1,server=y,suspend=n,address=127.0.0.1:56444
CodeReloadManager initialized
ImportWorker Server TCP listen port: 0
AcceleratorClientConnectionCallback - disconnected - :0
Begin MonoManager ReloadAssembly
Registering precompiled unity dll's ...
Register platform support module: C:/Program Files/Unity/Hub/Editor/6000.6.0f1/Editor/Data/PlaybackEngines/WebGLSupport/UnityEditor.WebGL.Extensions.dll
Register platform support module: C:/Program Files/Unity/Hub/Editor/6000.6.0f1/Editor/Data/PlaybackEngines/WindowsStandaloneSupport/UnityEditor.WindowsStandalone.Extensions.dll
Registered in 0.001856 seconds.
Native extension for WindowsStandalone target not found
Native extension for WebGL target not found
Package Manager log level set to [2]
ScheduleIndexationOnStartup MainProcess:False IndexOnStartup:True
Scripting: successfully reloaded assembly
- Finished resetting the current domain, in  0.847 seconds
Domain Reload Profiling: 1595ms
	BeginReloadAssembly (149ms)
		CreateAndSetChildDomain (8ms)
	RebuildCommonClasses (7ms)
	RebuildNativeTypeToScriptingClass (21ms)
	initialDomainReloadingComplete (77ms)
	LoadAllAssembliesAndSetupDomain (493ms)
		LoadAssemblies (138ms)
		TypeCache.Refresh (330ms)
			TypeCache.ScanAssembly (312ms)
		AnalyzeDomain (1ms)
	FinalizeReload (849ms)
		SetupLoadedEditorAssemblies (0ms)
			InitializePlatformSupportModulesInManaged (3ms)
			BeforeProcessingInitializeOnLoad (144ms)
			ProcessInitializeOnLoadAttributes (156ms)
			ProcessInitializeOnLoadMethodAttributes (277ms)
[Licensing::Client] Successfully resolved entitlement details
Application.AssetDatabase Initial Refresh Start
[Package Manager] Restoring resolved packages state from cache
[Licensing::Client] Successfully resolved entitlement details
[Package Manager] Registered 71 packages:
  Packages from [https://packages.unity.com]:
    com.unity.2d.animation@16.0.0 (location: C:\Users\maksi\PR4_Visual_UI\Library\PackageCache\com.unity.2d.animation@147f6a6d9e7f)
    com.unity.2d.aseprite@6.0.0 (location: C:\Users\maksi\PR4_Visual_UI\Library\PackageCache\com.unity.2d.aseprite@ab909e3e9b5f)
    com.unity.2d.psdimporter@15.0.0 (location: C:\Users\maksi\PR4_Visual_UI\Library\PackageCache\com.unity.2d.psdimporter@3ef8178676f6)
    com.unity.2d.spriteshape@16.0.0 (location: C:\Users\maksi\PR4_Visual_UI\Library\PackageCache\com.unity.2d.spriteshape@42798c9d35d3)
    com.unity.2d.tilemap.extras@9.0.0 (location: C:\Users\maksi\PR4_Visual_UI\Library\PackageCache\com.unity.2d.tilemap.extras@598e8b65eaae)
    com.unity.2d.tooling@4.0.0 (location: C:\Users\maksi\PR4_Visual_UI\Library\PackageCache\com.unity.2d.tooling@92c2769ac09c)
    com.unity.collab-proxy@2.13.6 (location: C:\Users\maksi\PR4_Visual_UI\Library\PackageCache\com.unity.collab-proxy@4628d2ba6ea4)
    com.unity.ide.rider@3.0.38 (location: C:\Users\maksi\PR4_Visual_UI\Library\PackageCache\com.unity.ide.rider@1f60b3138684)
    com.unity.ide.visualstudio@2.0.26 (location: C:\Users\maksi\PR4_Visual_UI\Library\PackageCache\com.unity.ide.visualstudio@a99d56dec63f)
    com.unity.inputsystem@1.20.0 (location: C:\Users\maksi\PR4_Visual_UI\Library\PackageCache\com.unity.inputsystem@7a4e1a2a8194)
    com.unity.learn.iet-framework@6.0.7 (location: C:\Users\maksi\PR4_Visual_UI\Library\PackageCache\com.unity.learn.iet-framework@96330db47073)
    com.unity.visualscripting@1.9.12 (location: C:\Users\maksi\PR4_Visual_UI\Library\PackageCache\com.unity.visualscripting@4edfcc09512f)
    com.unity.settings-manager@2.1.1 (location: C:\Users\maksi\PR4_Visual_UI\Library\PackageCache\com.unity.settings-manager@0b8638c5ce86)
    com.unity.2d.common@15.0.0 (location: C:\Users\maksi\PR4_Visual_UI\Library\PackageCache\com.unity.2d.common@b779c433ed47)
    com.unity.searcher@4.9.5 (location: C:\Users\maksi\PR4_Visual_UI\Library\PackageCache\com.unity.searcher@a463122f2c00)
    com.unity.profiling.core@1.0.3 (location: C:\Users\maksi\PR4_Visual_UI\Library\PackageCache\com.unity.profiling.core@8a49f7027d06)
    com.unity.nuget.mono-cecil@1.11.6 (location: C:\Users\maksi\PR4_Visual_UI\Library\PackageCache\com.unity.nuget.mono-cecil@ecb9724e46ff)
  Built-in packages:
    com.unity.2d.sprite@1.0.0 (location: C:\Users\maksi\PR4_Visual_UI\Library\PackageCache\com.unity.2d.sprite@947350d67f82)
    com.unity.2d.tilemap@1.0.0 (location: C:\Users\maksi\PR4_Visual_UI\Library\PackageCache\com.unity.2d.tilemap@639ca1d99254)
    com.unity.render-pipelines.universal@17.6.0 (location: C:\Users\maksi\PR4_Visual_UI\Library\PackageCache\com.unity.render-pipelines.universal@8457e85b8184)
    com.unity.test-framework@1.8.0 (location: C:\Users\maksi\PR4_Visual_UI\Library\PackageCache\com.unity.test-framework@7a3849e09bd0)
    com.unity.timeline@6.6.0 (location: C:\Users\maksi\PR4_Visual_UI\Library\PackageCache\com.unity.timeline@281d5f7e7d7d)
    com.unity.ugui@2.6.0 (location: C:\Users\maksi\PR4_Visual_UI\Library\PackageCache\com.unity.ugui@23caec89ae27)
    com.unity.modules.accessibility@1.0.0 (location: C:\Users\maksi\PR4_Visual_UI\Library\PackageCache\com.unity.modules.accessibility)
    com.unity.modules.adaptiveperformance@1.0.0 (location: C:\Users\maksi\PR4_Visual_UI\Library\PackageCache\com.unity.modules.adaptiveperformance)
    com.unity.modules.ai@1.0.0 (location: C:\Users\maksi\PR4_Visual_UI\Library\PackageCache\com.unity.modules.ai)
    com.unity.modules.androidjni@1.0.0 (location: C:\Users\maksi\PR4_Visual_UI\Library\PackageCache\com.unity.modules.androidjni)
    com.unity.modules.animation@1.0.0 (location: C:\Users\maksi\PR4_Visual_UI\Library\PackageCache\com.unity.modules.animation)
    com.unity.modules.assetbundle@1.0.0 (location: C:\Users\maksi\PR4_Visual_UI\Library\PackageCache\com.unity.modules.assetbundle)
    com.unity.modules.audio@1.0.0 (location: C:\Users\maksi\PR4_Visual_UI\Library\PackageCache\com.unity.modules.audio)
    com.unity.modules.cloth@1.0.0 (location: C:\Users\maksi\PR4_Visual_UI\Library\PackageCache\com.unity.modules.cloth)
    com.unity.modules.director@1.0.0 (location: C:\Users\maksi\PR4_Visual_UI\Library\PackageCache\com.unity.modules.director)
    com.unity.modules.imageconversion@1.0.0 (location: C:\Users\maksi\PR4_Visual_UI\Library\PackageCache\com.unity.modules.imageconversion)
    com.unity.modules.imgui@1.0.0 (location: C:\Users\maksi\PR4_Visual_UI\Library\PackageCache\com.unity.modules.imgui)
    com.unity.modules.jsonserialize@1.0.0 (location: C:\Users\maksi\PR4_Visual_UI\Library\PackageCache\com.unity.modules.jsonserialize)
    com.unity.modules.particlesystem@1.0.0 (location: C:\Users\maksi\PR4_Visual_UI\Library\PackageCache\com.unity.modules.particlesystem)
    com.unity.modules.physics@1.0.0 (location: C:\Users\maksi\PR4_Visual_UI\Library\PackageCache\com.unity.modules.physics)
    com.unity.modules.physics2d@1.0.0 (location: C:\Users\maksi\PR4_Visual_UI\Library\PackageCache\com.unity.modules.physics2d)
    com.unity.modules.physicscore2d@1.0.0 (location: C:\Users\maksi\PR4_Visual_UI\Library\PackageCache\com.unity.modules.physicscore2d)
    com.unity.modules.screencapture@1.0.0 (location: C:\Users\maksi\PR4_Visual_UI\Library\PackageCache\com.unity.modules.screencapture)
    com.unity.modules.terrain@1.0.0 (location: C:\Users\maksi\PR4_Visual_UI\Library\PackageCache\com.unity.modules.terrain)
    com.unity.modules.terrainphysics@1.0.0 (location: C:\Users\maksi\PR4_Visual_UI\Library\PackageCache\com.unity.modules.terrainphysics)
    com.unity.modules.tetgen@1.0.0 (location: C:\Users\maksi\PR4_Visual_UI\Library\PackageCache\com.unity.modules.tetgen)
    com.unity.modules.tilemap@1.0.0 (location: C:\Users\maksi\PR4_Visual_UI\Library\PackageCache\com.unity.modules.tilemap)
    com.unity.modules.timelinefoundation@1.0.0 (location: C:\Users\maksi\PR4_Visual_UI\Library\PackageCache\com.unity.modules.timelinefoundation)
    com.unity.modules.ui@1.0.0 (location: C:\Users\maksi\PR4_Visual_UI\Library\PackageCache\com.unity.modules.ui)
    com.unity.modules.uielements@1.0.0 (location: C:\Users\maksi\PR4_Visual_UI\Library\PackageCache\com.unity.modules.uielements)
    com.unity.modules.umbra@1.0.0 (location: C:\Users\maksi\PR4_Visual_UI\Library\PackageCache\com.unity.modules.umbra)
    com.unity.modules.unityanalytics@1.0.0 (location: C:\Users\maksi\PR4_Visual_UI\Library\PackageCache\com.unity.modules.unityanalytics)
    com.unity.modules.unitywebrequest@1.0.0 (location: C:\Users\maksi\PR4_Visual_UI\Library\PackageCache\com.unity.modules.unitywebrequest)
    com.unity.modules.unitywebrequestassetbundle@1.0.0 (location: C:\Users\maksi\PR4_Visual_UI\Library\PackageCache\com.unity.modules.unitywebrequestassetbundle)
    com.unity.modules.unitywebrequestaudio@1.0.0 (location: C:\Users\maksi\PR4_Visual_UI\Library\PackageCache\com.unity.modules.unitywebrequestaudio)
    com.unity.modules.unitywebrequesttexture@1.0.0 (location: C:\Users\maksi\PR4_Visual_UI\Library\PackageCache\com.unity.modules.unitywebrequesttexture)
    com.unity.modules.unitywebrequestwww@1.0.0 (location: C:\Users\maksi\PR4_Visual_UI\Library\PackageCache\com.unity.modules.unitywebrequestwww)
    com.unity.modules.vectorgraphics@1.0.0 (location: C:\Users\maksi\PR4_Visual_UI\Library\PackageCache\com.unity.modules.vectorgraphics)
    com.unity.modules.vehicles@1.0.0 (location: C:\Users\maksi\PR4_Visual_UI\Library\PackageCache\com.unity.modules.vehicles)
    com.unity.modules.video@1.0.0 (location: C:\Users\maksi\PR4_Visual_UI\Library\PackageCache\com.unity.modules.video)
    com.unity.modules.wind@1.0.0 (location: C:\Users\maksi\PR4_Visual_UI\Library\PackageCache\com.unity.modules.wind)
    com.unity.modules.xr@1.0.0 (location: C:\Users\maksi\PR4_Visual_UI\Library\PackageCache\com.unity.modules.xr)
    com.unity.modules.subsystems@1.0.0 (location: C:\Users\maksi\PR4_Visual_UI\Library\PackageCache\com.unity.modules.subsystems)
    com.unity.modules.hierarchycore@1.0.0 (location: C:\Users\maksi\PR4_Visual_UI\Library\PackageCache\com.unity.modules.hierarchycore)
    com.unity.ext.nunit@2.1.0 (location: C:\Users\maksi\PR4_Visual_UI\Library\PackageCache\com.unity.ext.nunit@0198eae3b53e)
    com.unity.render-pipelines.core@17.6.0 (location: C:\Users\maksi\PR4_Visual_UI\Library\PackageCache\com.unity.render-pipelines.core@2d66c71e606e)
    com.unity.shadergraph@17.6.0 (location: C:\Users\maksi\PR4_Visual_UI\Library\PackageCache\com.unity.shadergraph@ef6135652377)
    com.unity.render-pipelines.universal-config@17.6.0 (location: C:\Users\maksi\PR4_Visual_UI\Library\PackageCache\com.unity.render-pipelines.universal-config@561422b74439)
    com.unity.editorcoroutines@6.6.0 (location: C:\Users\maksi\PR4_Visual_UI\Library\PackageCache\com.unity.editorcoroutines@8cd72baa102a)
    com.unity.mathematics@1.4.0 (location: C:\Users\maksi\PR4_Visual_UI\Library\PackageCache\com.unity.mathematics@8306a64d0cd6)
    com.unity.collections@6.6.0 (location: C:\Users\maksi\PR4_Visual_UI\Library\PackageCache\com.unity.collections@10fff0607388)
    com.unity.graph-authoring@1.0.0 (location: C:\Users\maksi\PR4_Visual_UI\Library\PackageCache\com.unity.graph-authoring@cfd2588851ee)
    com.unity.burst@2.0.0 (location: C:\Users\maksi\PR4_Visual_UI\Library\PackageCache\com.unity.burst@626e66ab421b)
    com.unity.test-framework.performance@6.6.0 (location: C:\Users\maksi\PR4_Visual_UI\Library\PackageCache\com.unity.test-framework.performance@0a60b857a52e)
[Subsystems] No new subsystems found in resolved package list.
[Package Manager] Done registering packages in 0.03 seconds
Starting: C:\Program Files\Unity\Hub\Editor\6000.6.0f1\Editor\Data\Tools\BuildPipeline\bee_backend.exe --ipc --defer-dag-verification --dagfile="Library/Bee/1900b0aE.dag" --continue-on-failure --profile="Library/Bee/backend1.traceevents" ScriptAssemblies
WorkingDir: C:/Users/maksi/PR4_Visual_UI
warn: Unity.ILPP.Runner.PostProcessingAssemblyLoadContext[0]
      Assembly system.runtime.interopservices.windowsruntime has duplicate hint path. Ignoring "C:\Program Files\Unity\Hub\Editor\6000.6.0f1\Editor\Data\UnityReferenceAssemblies\unity-4.8-api\Facades\System.Runtime.InteropServices.WindowsRuntime.dll" in favor of "C:\Program Files\Unity\Hub\Editor\6000.6.0f1\Editor\Data\NetStandard\Extensions\2.0.0\System.Runtime.InteropServices.WindowsRuntime.dll"
warn: Unity.ILPP.Runner.PostProcessingAssemblyLoadContext[0]
      Assembly system.componentmodel.composition has duplicate hint path. Ignoring "C:\Program Files\Unity\Hub\Editor\6000.6.0f1\Editor\Data\UnityReferenceAssemblies\unity-4.8-api\System.ComponentModel.Composition.dll" in favor of "C:\Program Files\Unity\Hub\Editor\6000.6.0f1\Editor\Data\NetStandard\compat\2.1.0\shims\netfx\System.ComponentModel.Composition.dll"
ExitCode: 0 Duration: 0s551ms
[ 971/1266  0s] ILPP-Configuration Library/ilpp-configuration.nevergeneratedoutput
*** Tundra build success (0.50 seconds), 1 items updated, 1266 evaluated
AssetDatabase: script compilation time: 1.129943s
Begin MonoManager ReloadAssembly
Total cache size 177073800
Total cache size after purge 177073800, took 00:00:00.2513902
'Packages/com.unity.render-pipelines.core/Editor/Deprecated.cs' contains partial class of Unity.Object, exactly 1 of the partial classes needs to be in a file with the same filename. This is to know the one that can be referenced from ie. GameObjects
'Packages/com.unity.render-pipelines.core/Editor/Deprecated.cs' contains partial class of Unity.Object, exactly 1 of the partial classes needs to be in a file with the same filename. This is to know the one that can be referenced from ie. GameObjects
Refreshing native plugins compatible for Editor in 76.00 ms, found 5 plugins.
Native extension for WindowsStandalone target not found
Native extension for WebGL target not found
ScheduleIndexationOnStartup MainProcess:True IndexOnStartup:True
Scripting: successfully reloaded assembly
- Finished resetting the current domain, in  1.360 seconds
Domain Reload Profiling: 3015ms
	BeginReloadAssembly (332ms)
		DisableScriptedObjects (54ms)
		CreateAndSetChildDomain (72ms)
	RebuildCommonClasses (13ms)
	RebuildNativeTypeToScriptingClass (20ms)
	initialDomainReloadingComplete (74ms)
	LoadAllAssembliesAndSetupDomain (1216ms)
		LoadAssemblies (806ms)
		TypeCache.Refresh (242ms)
			TypeCache.ScanAssembly (228ms)
		AnalyzeDomain (100ms)
			BuildScriptInfoCaches (88ms)
			ResolveRequiredComponents (9ms)
	FinalizeReload (1361ms)
		SetupLoadedEditorAssemblies (0ms)
			InitializePlatformSupportModulesInManaged (3ms)
			BeforeProcessingInitializeOnLoad (130ms)
			ProcessInitializeOnLoadAttributes (545ms)
			ProcessInitializeOnLoadMethodAttributes (306ms)
			AfterProcessingInitializeOnLoad (7ms)
		AwakeInstancesAfterBackupRestoration (29ms)
Starting new worker id: 0 with log in C:/Users/maksi/PR4_Visual_UI/Logs/AssetImportWorkerHW0.log

Asset Pipeline Refresh (id=c4d367750ec407142af6e94ab4c8d887): Total: 12.262 seconds - Initiated by InitialRefreshV2(ForceSynchronousImport)
	(Values over 0.05ms)
	Summary:
		Imports: total=0 (actual=0, local cache=0, cache server=0)
		Asset DB Process Time: managed=0 ms, native=9235 ms
		Asset DB Callback time: managed=43 ms, native=47 ms
		Scripting: domain reloads=1, domain reload time=1726 ms, compile time=1132 ms, other=77 ms
		Project Asset Count: scripts=1700, non-scripts=3421
		Asset File Changes: new=0, changed=0, moved=0, deleted=0
		Scan Filter Count: 0
	InvokePackagesCallback: 49.130ms
	ApplyChangesToAssetFolders: 0.800ms
	Scan: 189.450ms
	Collect global state as custom dependencies: 25.625ms
	CategorizeScriptCompilationAssets: 1683.555ms
	ProcessAssetsWithTransientArtifactChanges: 127.762ms
	CategorizeAssets: 91.383ms
	CompileScripts: 1132.084ms
	ImportOutOfDateAssets: 1470.140ms (1457.516ms without children)
		UnloadImportedAssets: 0.692ms
		EnsureUptoDateAssetsAreRegisteredWithGuidPM: 0.902ms
		ImportSchedulerStart: 10.980ms
	PostProcessAllAssets: 43.452ms
		MonoPostProcessAllAssets: 43.379ms
			UniversalRenderPipelineGlobalSettingsPostprocessor.OnPostprocessAllAssets 20.513ms
			WindowAssetPostprocessingWatcher.OnPostprocessAllAssets 1.794ms
			SpeedTree9Postprocessor.OnPostprocessAllAssets 1.686ms
			RenderPipelineGlobalSettingsPostprocessor.OnPostprocessAllAssets 1.152ms
			EditModeScopePostprocessor.OnPostprocessAllAssets 0.926ms
			ShaderReflectionAssetPostProcessor.OnPostprocessAllAssets 0.859ms
			InputActionAssetPostprocessor.OnPostprocessAllAssets 0.343ms
			ReferencedClipsPostProcessor.OnPostprocessAllAssets 0.335ms
			TerrainToolbarOverlayPostProcessor.OnPostprocessAllAssets 0.218ms
			AssetDatabaseCallbacks.OnPostprocessAllAssets 0.179ms
			ProjectSettingsPostprocessor.OnPostprocessAllAssets 0.176ms
			SyncVS.PostprocessSyncProject 0.151ms
	UnloadStreamsBegin: 2.153ms
	PersistCurrentRevisions: 0.115ms
	GenerateScriptTypeHashes: 2.452ms
	GenerateScriptTypeSerializationHashes: 4.650ms
	Untracked: 7423.712ms

Application.AssetDatabase Initial Refresh End
Launched and connected shader compiler UnityShaderCompiler.exe after 0.02 seconds
Scanning for USB devices : 9.223ms
Initializing Unity extensions:
[MODES] ModeService[none].Initialize
[MODES] ModeService[none].LoadModes
[MODES] Loading mode Default (0) for mode-current-id-PR4_Visual_UI
GetVirtualKey: Could not map char: z (122) to any virtual key
GetVirtualKey: Could not map char: y (121) to any virtual key
GetVirtualKey: Could not map char: [ (91) to any virtual key
GetVirtualKey: Could not map char: ] (93) to any virtual key
GetVirtualKey: Could not map char: x (120) to any virtual key
GetVirtualKey: Could not map char: c (99) to any virtual key
GetVirtualKey: Could not map char: v (118) to any virtual key
GetVirtualKey: Could not map char: V (86) to any virtual key
GetVirtualKey: Could not map char: d (100) to any virtual key
GetVirtualKey: Could not map char: f (102) to any virtual key
GetVirtualKey: Could not map char: f (102) to any virtual key
GetVirtualKey: Could not map char: a (97) to any virtual key
GetVirtualKey: Could not map char: d (100) to any virtual key
GetVirtualKey: Could not map char: c (99) to any virtual key
GetVirtualKey: Could not map char: r (114) to any virtual key
GetVirtualKey: Could not map char: i (105) to any virtual key
GetVirtualKey: Could not map char: l (108) to any virtual key
GetVirtualKey: Could not map char: f (102) to any virtual key
GetVirtualKey: Could not map char: k (107) to any virtual key
GetVirtualKey: Could not map char: p (112) to any virtual key
GetVirtualKey: Could not map char: p (112) to any virtual key
GetVirtualKey: Could not map char: p (112) to any virtual key
GetVirtualKey: Could not map char: c (99) to any virtual key
GetVirtualKey: Could not map char: r (114) to any virtual key
GetVirtualKey: Could not map char: P (80) to any virtual key
GetVirtualKey: Could not map char: n (110) to any virtual key
GetVirtualKey: Could not map char: n (110) to any virtual key
GetVirtualKey: Could not map char: g (103) to any virtual key
GetVirtualKey: Could not map char: f (102) to any virtual key
GetVirtualKey: Could not map char: f (102) to any virtual key
GetVirtualKey: Could not map char: a (97) to any virtual key
GetVirtualKey: Could not map char: a (97) to any virtual key
GetVirtualKey: Could not map char: n (110) to any virtual key
GetVirtualKey: Could not map char: o (111) to any virtual key
GetVirtualKey: Could not map char: s (115) to any virtual key
GetVirtualKey: Could not map char: s (115) to any virtual key
GetVirtualKey: Could not map char: b (98) to any virtual key
GetVirtualKey: Could not map char: b (98) to any virtual key
GetVirtualKey: Could not map char: c (99) to any virtual key
GetVirtualKey: Could not map char: u (117) to any virtual key
Unloading 31 Unused Serialized files (Serialized files now loaded: 0)
Loaded scene 'Assets/Scenes/SampleScene.unity'
	Deserialize:            57.692 ms
	Integration:            92.878 ms
	Integration of assets:  2.755 ms
	Thread Wait Time:       0.012 ms
	Total Operation Time:   153.336 ms
Unloading 7557 unused Assets / (8.8 MB). Loaded Objects now: 8698.
Memory consumption went from 450.2 MB to 441.4 MB.
Total: 13.823100 ms (FindLiveObjects: 0.594700 ms CreateObjectMapping: 0.985400 ms MarkObjects: 8.226000 ms  DeleteObjects: 3.815200 ms)

[LAYOUT] About to load UserSettings\Layouts\default-6000.dwlt, keepMainWindow=False
[LAYOUT] About to save layout C:\Users\maksi\PR4_Visual_UI\UserSettings\Layouts\default-6000.dwlt
[LAYOUT] About to save layout C:/Users/maksi/AppData/Roaming/Unity/Editor-5.x/Preferences\Layouts\current\default-6000.dwlt
[MODES] ModeService[default].InitializeCurrentMode
[MODES] ModeService[default].RaiseModeChanged(default, default)
<RI> Initializing input.
Using Windows.Gaming.Input
[Project] Loading completed in 18.253 seconds
	Project init time: 				16.384 seconds
		Template init time: 		0.000 seconds
		Package Manager init time: 		0.343 seconds
		Asset Database init time: 		0.644 seconds
		Global illumination init time: 	0.003 seconds
		Assemblies load time: 			1.657 seconds
		Unity extensions init time: 	0.052 seconds
		Asset Database refresh time: 	12.263 seconds
	Scene opening time: 			1.667 seconds
##utp:{"type":"ProjectInfo","version":2,"phase":"Immediate","time":1789562230204,"processId":26444,"projectLoad":18.2529183,"projectInit":16.3844108,"templateInit":0.0,"packageManagerInit":0.3427037,"assetDatabaseInit":0.6439529,"globalIlluminationInit":0.0033181,"assembliesLoad":1.6567114,"unityExtensionsInit":0.0515567,"assetDatabaseRefresh":12.2625759,"sceneOpening":1.6672321}
##utp:{"type":"EditorInfo","version":2,"phase":"Immediate","time":1789562230204,"processId":26444,"editorVersion":"6000.6.0f1 (f7f8ed4d1e24)","branch":"6000.6/respin/6000.6.0f1-fa21a270ab12","buildType":"Release","platform":"Windows"}
Worker ready: AssetImportWorkerHW0 0
Reloading assemblies due to reload request.
Reloading assemblies after forced synchronous recompile.
Begin MonoManager ReloadAssembly
[Licensing::Client] Successfully resolved entitlement details
'Packages/com.unity.render-pipelines.core/Editor/Deprecated.cs' contains partial class of Unity.Object, exactly 1 of the partial classes needs to be in a file with the same filename. This is to know the one that can be referenced from ie. GameObjects
'Packages/com.unity.render-pipelines.core/Editor/Deprecated.cs' contains partial class of Unity.Object, exactly 1 of the partial classes needs to be in a file with the same filename. This is to know the one that can be referenced from ie. GameObjects
Native extension for WindowsStandalone target not found
Native extension for WebGL target not found
[MODES] ModeService[none].Initialize
[MODES] ModeService[none].LoadModes
GetVirtualKey: Could not map char: z (122) to any virtual key
GetVirtualKey: Could not map char: y (121) to any virtual key
GetVirtualKey: Could not map char: [ (91) to any virtual key
GetVirtualKey: Could not map char: ] (93) to any virtual key
GetVirtualKey: Could not map char: x (120) to any virtual key
GetVirtualKey: Could not map char: c (99) to any virtual key
GetVirtualKey: Could not map char: v (118) to any virtual key
GetVirtualKey: Could not map char: V (86) to any virtual key
GetVirtualKey: Could not map char: d (100) to any virtual key
GetVirtualKey: Could not map char: f (102) to any virtual key
GetVirtualKey: Could not map char: f (102) to any virtual key
GetVirtualKey: Could not map char: a (97) to any virtual key
GetVirtualKey: Could not map char: d (100) to any virtual key
GetVirtualKey: Could not map char: c (99) to any virtual key
GetVirtualKey: Could not map char: r (114) to any virtual key
GetVirtualKey: Could not map char: i (105) to any virtual key
GetVirtualKey: Could not map char: l (108) to any virtual key
GetVirtualKey: Could not map char: f (102) to any virtual key
GetVirtualKey: Could not map char: k (107) to any virtual key
GetVirtualKey: Could not map char: p (112) to any virtual key
GetVirtualKey: Could not map char: p (112) to any virtual key
GetVirtualKey: Could not map char: p (112) to any virtual key
GetVirtualKey: Could not map char: c (99) to any virtual key
GetVirtualKey: Could not map char: r (114) to any virtual key
GetVirtualKey: Could not map char: P (80) to any virtual key
GetVirtualKey: Could not map char: n (110) to any virtual key
GetVirtualKey: Could not map char: n (110) to any virtual key
GetVirtualKey: Could not map char: g (103) to any virtual key
GetVirtualKey: Could not map char: f (102) to any virtual key
GetVirtualKey: Could not map char: f (102) to any virtual key
GetVirtualKey: Could not map char: a (97) to any virtual key
GetVirtualKey: Could not map char: a (97) to any virtual key
GetVirtualKey: Could not map char: n (110) to any virtual key
GetVirtualKey: Could not map char: o (111) to any virtual key
GetVirtualKey: Could not map char: s (115) to any virtual key
GetVirtualKey: Could not map char: s (115) to any virtual key
GetVirtualKey: Could not map char: b (98) to any virtual key
GetVirtualKey: Could not map char: b (98) to any virtual key
GetVirtualKey: Could not map char: c (99) to any virtual key
GetVirtualKey: Could not map char: u (117) to any virtual key
ScheduleIndexationOnStartup MainProcess:True IndexOnStartup:True
Scripting: successfully reloaded assembly
- Finished resetting the current domain, in  2.115 seconds
Domain Reload Profiling: 3429ms
	BeginReloadAssembly (938ms)
		DisableScriptedObjects (165ms)
		CreateAndSetChildDomain (177ms)
	RebuildCommonClasses (14ms)
	RebuildNativeTypeToScriptingClass (19ms)
	initialDomainReloadingComplete (70ms)
	LoadAllAssembliesAndSetupDomain (272ms)
		LoadAssemblies (166ms)
		TypeCache.Refresh (7ms)
		AnalyzeDomain (32ms)
			ResolveRequiredComponents (27ms)
	FinalizeReload (2116ms)
		SetupLoadedEditorAssemblies (0ms)
			BeforeProcessingInitializeOnLoad (237ms)
			ProcessInitializeOnLoadAttributes (400ms)
			ProcessInitializeOnLoadMethodAttributes (85ms)
			AfterProcessingInitializeOnLoad (6ms)
		AwakeInstancesAfterBackupRestoration (823ms)
No restricted APIs configured; Validation skipped.
Checking 18 assemblies for restricted APIs found 0 usage(s) in 4 ms
Refreshing native plugins compatible for Editor in 2.16 ms, found 5 plugins.

Asset Pipeline Refresh (id=be0a902d05b65f04983d282b67037609): Total: 4.865 seconds - Initiated by StopAssetImportingV2(ForceSynchronousImport | ForceDomainReload)
	(Values over 0.05ms)
	Summary:
		Imports: total=0 (actual=0, local cache=0, cache server=0)
		Asset DB Process Time: managed=0 ms, native=2532 ms
		Asset DB Callback time: managed=653 ms, native=311 ms
		Scripting: domain reloads=1, domain reload time=1365 ms, compile time=2 ms, other=0 ms
		Project Asset Count: scripts=1700, non-scripts=3421
		Asset File Changes: new=0, changed=0, moved=0, deleted=0
		Scan Filter Count: 0
	InvokePackagesCallback: 2.057ms
	ApplyChangesToAssetFolders: 0.336ms
	Collect global state as custom dependencies: 3.583ms
	ProcessAssetsWithTransientArtifactChanges: 246.739ms
	CategorizeAssets: 81.606ms
	CompileScripts: 2.067ms
	ImportOutOfDateAssets: 2128.057ms (2124.035ms without children)
		CollectScriptTypesHashes: 2.178ms
		ReloadNativeAssets: 1.250ms
		UnloadImportedAssets: 1.633ms
		EnsureUptoDateAssetsAreRegisteredWithGuidPM: 0.809ms
		ImportSchedulerStart: 0.297ms
	PostProcessAllAssets: 955.693ms
		AssemblyValidation.PostprocessAllAssets 22.482ms
		PostProcessCallbackCreateDeferredMaterials 22.392ms
		SpriteAtlasDatabase.OnAssetPostprocessCallback 21.487ms
		ShaderAssetModifiedCallback 13.352ms
		RaytracingShaderImportPostprocess 12.868ms
		ComputeShaderImportPostprocess 12.507ms
		SpeedTreeImporter.PostprocessAllAssets 11.029ms
		LocalizationDatabase.AssetDatabasePostprocessCallback 4.521ms
		BlockShaderImporter.PostprocessAllAssets 4.498ms
		XRBuildSystem.XRAssetImported 0.578ms
		MonoPostProcessAllAssets: 651.134ms
			ShaderGraphAssetPostProcessor.OnPostprocessAllAssets 203.259ms
			AssetPostprocessor.OnPostprocessAllAssets 76.000ms
			PostProcessor.OnPostprocessAllAssets 51.463ms
			AssetChangedListener.OnPostprocessAllAssets 38.114ms
			MaterialPostprocessor.OnPostprocessAllAssets 36.068ms
			InputActionAssetPostprocessor.OnPostprocessAllAssets 34.139ms
			InputActionJsonNameModifierAssetProcessor.OnPostprocessAllAssets 33.938ms
			TextAssetPostProcessor.OnPostprocessAllAssets 31.965ms
			SpriteSlicePostprocessor.OnPostprocessAllAssets 27.003ms
			UniversalRenderPipelineGlobalSettingsPostprocessor.OnPostprocessAllAssets 17.082ms
			BuilderAssetPostprocessor.OnPostprocessAllAssets 6.805ms
			SpeedTree9Postprocessor.OnPostprocessAllAssets 6.328ms
			RenderPipelineGlobalSettingsPostprocessor.OnPostprocessAllAssets 5.793ms
			WindowAssetPostprocessingWatcher.OnPostprocessAllAssets 3.754ms
			RetainedModeAssetPostprocessor.OnPostprocessAllAssets 2.560ms
			EditModeScopePostprocessor.OnPostprocessAllAssets 1.018ms
			ProjectSettingsPostprocessor.OnPostprocessAllAssets 1.011ms
			SpriteEditorTexturePostprocessor.OnPostprocessAllAssets 0.807ms
			StyleCatalogPostProcessor.OnPostprocessAllAssets 0.765ms
			ShaderReflectionAssetPostProcessor.OnPostprocessAllAssets 0.686ms
			SpeedTreePostProcessor.OnPostprocessAllAssets 0.661ms
			ArtifactBrowserPostProcessor.OnPostprocessAllAssets 0.586ms
			UVCSAssetPostprocessor.OnPostprocessAllAssets 0.559ms
			SpriteShapeAssetPostProcessor.OnPostprocessAllAssets 0.552ms
			AssetProcessor.OnPostprocessAllAssets 0.467ms
			ThemePostprocessor.OnPostprocessAllAssets 0.457ms
			SpriteLibraryAssetPostprocessor.OnPostprocessAllAssets 0.403ms
			TMPro_TexturePostProcessor.OnPostprocessAllAssets 0.317ms
			AudioMixerPostprocessor.OnPostprocessAllAssets 0.285ms
			AssetEvents.OnPostprocessAllAssets 0.262ms
			AssetReloadNotifier.OnPostprocessAllAssets 0.254ms
			ReferencedClipsPostProcessor.OnPostprocessAllAssets 0.251ms
			PSDImportPostProcessor.OnPostprocessAllAssets 0.198ms
			SyncVS.PostprocessSyncProject 0.191ms
			TerrainToolbarOverlayPostProcessor.OnPostprocessAllAssets 0.175ms
			ConfigAssetsTracker.OnPostprocessAllAssets 0.165ms
			PSDImporterAssetPostProcessor.OnPostprocessAllAssets 0.157ms
			SamplePostprocessor.OnPostprocessAllAssets 0.146ms
			AssetDatabaseCallbacks.OnPostprocessAllAssets 0.136ms
			ScenarioDriftAssetsTracker.OnPostprocessAllAssets 0.112ms
			AudioContainerPostProcessor.OnPostprocessAllAssets 0.093ms
	PostAssetChangesProfiler: 8.479ms
	GatherAllCurrentPrimaryImportResultRevisions: 0.181ms
	UnloadStreamsBegin: 1.810ms
	PersistCurrentRevisions: 0.136ms
	GenerateScriptTypeHashes: 4.427ms
	GenerateScriptTypeSerializationHashes: 7.847ms
	Untracked: 1402.516ms

Created GICache directory at C:/Users/maksi/AppData/LocalLow/Unity/Caches/GiCache. Took: 0.019s, timestamps: [19.512 - 19.531]
[Licensing::Client] Successfully resolved entitlement details
[Licensing::Client] Successfully resolved entitlement details
[Licensing::Client] Successfully resolved entitlement details
[Licensing::Client] Successfully resolved entitlement details
Start Indexing on Editor startup
[Indexing] Starting Initial Indexing for Assets
[Licensing::Client] Successfully updated the access token
[Licensing::Module] Successfully updated access token: "Ar_iHLN7"... (expires: 2026-09-16T12:44:18Z)
[Licensing::Client] Successfully resolved entitlement details
Starting new worker id: 1 with log in C:/Users/maksi/PR4_Visual_UI/Logs/AssetImportWorkerHW1.log
[Worker0] Imported GUID: 2e498d1c8094910479dc3e1b768306a4 - Path: Assets/TextMesh Pro/Resources/Fonts & Materials/LiberationSans SDF - Fallback.asset - Importer: ScriptedImporter/UnityEditor.QuickSearchModule:UnityEditor.Search:ASIAI0B -> (ImportResultId: '6886de472750f2ce11033d9d20d9cf81') in 0.1977163 seconds
SpriteAtlasPacking completed in 0.005159 sec
Entering Playmode with Reload Domain disabled.
If you experience any issues, please disable "Enter Play Mode Options" in Editor Settings
Worker ready: AssetImportWorkerHW1 1
Loaded scene 'Temp/__Backupscenes/0.backup'
	Deserialize:            5.258 ms
	Integration:            418.811 ms
	Integration of assets:  0.040 ms
	Thread Wait Time:       0.011 ms
	Total Operation Time:   424.120 ms
[Licensing::Client] Successfully resolved entitlement details
Unloading 47 Unused Serialized files (Serialized files now loaded: 0)
Loaded scene 'Temp/__Backupscenes/0.backup'
	Deserialize:            2.161 ms
	Integration:            24.568 ms
	Integration of assets:  0.002 ms
	Thread Wait Time:       0.012 ms
	Total Operation Time:   26.744 ms
Unloading 6819 unused Assets / (2.9 MB). Loaded Objects now: 9787.
Memory consumption went from 0.62 GB to 0.62 GB.
Total: 33.574900 ms (FindLiveObjects: 2.453200 ms CreateObjectMapping: 0.947700 ms MarkObjects: 27.578200 ms  DeleteObjects: 2.415400 ms)

Asset Pipeline Refresh (id=78fd3c3d810b7b44285e934bb5d7a9b1): Total: 0.015 seconds - Initiated by RefreshV2(AllowForceSynchronousImport)
Asset Pipeline Refresh (id=ca054cb7922cbe742bf42b39e05456f4): Total: 0.003 seconds - Initiated by RefreshV2(AllowForceSynchronousImport)
TrimDiskCacheJob: Current cache size 0mb
Asset Pipeline Refresh (id=b3e838d339d9b7649b5182a468935751): Total: 0.004 seconds - Initiated by RefreshV2(AllowForceSynchronousImport)
Asset Pipeline Refresh (id=99a2792595d93594dbb05e9c4ea775aa): Total: 0.004 seconds - Initiated by RefreshV2(AllowForceSynchronousImport)
Asset Pipeline Refresh (id=55fc80affc52f604fa4c264db397fc1b): Total: 0.004 seconds - Initiated by RefreshV2(AllowForceSynchronousImport)
Asset Pipeline Refresh (id=de3566fa6afeee543a6cbfad9c7244a3): Total: 0.004 seconds - Initiated by RefreshV2(AllowForceSynchronousImport)
GetVirtualKey: Could not map char: z (122) to any virtual key
GetVirtualKey: Could not map char: y (121) to any virtual key
GetVirtualKey: Could not map char: [ (91) to any virtual key
GetVirtualKey: Could not map char: ] (93) to any virtual key
GetVirtualKey: Could not map char: x (120) to any virtual key
GetVirtualKey: Could not map char: c (99) to any virtual key
GetVirtualKey: Could not map char: v (118) to any virtual key
GetVirtualKey: Could not map char: V (86) to any virtual key
GetVirtualKey: Could not map char: d (100) to any virtual key
GetVirtualKey: Could not map char: f (102) to any virtual key
GetVirtualKey: Could not map char: f (102) to any virtual key
GetVirtualKey: Could not map char: a (97) to any virtual key
GetVirtualKey: Could not map char: d (100) to any virtual key
GetVirtualKey: Could not map char: c (99) to any virtual key
GetVirtualKey: Could not map char: r (114) to any virtual key
GetVirtualKey: Could not map char: i (105) to any virtual key
GetVirtualKey: Could not map char: l (108) to any virtual key
GetVirtualKey: Could not map char: f (102) to any virtual key
GetVirtualKey: Could not map char: k (107) to any virtual key
GetVirtualKey: Could not map char: p (112) to any virtual key
GetVirtualKey: Could not map char: p (112) to any virtual key
GetVirtualKey: Could not map char: p (112) to any virtual key
GetVirtualKey: Could not map char: c (99) to any virtual key
GetVirtualKey: Could not map char: r (114) to any virtual key
GetVirtualKey: Could not map char: P (80) to any virtual key
GetVirtualKey: Could not map char: n (110) to any virtual key
GetVirtualKey: Could not map char: n (110) to any virtual key
GetVirtualKey: Could not map char: g (103) to any virtual key
GetVirtualKey: Could not map char: f (102) to any virtual key
GetVirtualKey: Could not map char: f (102) to any virtual key
GetVirtualKey: Could not map char: a (97) to any virtual key
GetVirtualKey: Could not map char: a (97) to any virtual key
GetVirtualKey: Could not map char: c (99) to any virtual key
GetVirtualKey: Could not map char: u (117) to any virtual key
GetVirtualKey: Could not map char: n (110) to any virtual key
GetVirtualKey: Could not map char: o (111) to any virtual key
GetVirtualKey: Could not map char: s (115) to any virtual key
GetVirtualKey: Could not map char: s (115) to any virtual key
GetVirtualKey: Could not map char: b (98) to any virtual key
GetVirtualKey: Could not map char: b (98) to any virtual key
Importing 'GUID: 00000000000000009000000000000000 - Path: ProjectSettings/QualitySettings.asset' with importer (LibraryAssetImporter)
Imported 'GUID: 00000000000000009000000000000000' -> (Import Result ID: 'ad6ca2034549a8dd6f88c2e2fb528c97') in 0.006 seconds [static dependencies only]. Details - ImportResultOutputID=2a108b3da874f726c62fbe5f12be4a8a DependenciesID=1aedbe56ae62f321fe459982db2fa012 StaticDependenciesID=e9a43e809c5953780a851aff477bfce8 
Importing 'GUID: 2e498d1c8094910479dc3e1b768306a4 - Path: Assets/TextMesh Pro/Resources/Fonts & Materials/LiberationSans SDF - Fallback.asset' with importer (NativeFormatImporter)
Imported 'GUID: 2e498d1c8094910479dc3e1b768306a4' -> (Import Result ID: '2f2e8fa3944cc9c87a78f5ece31c28d7') in 0.002 seconds [static dependencies only]. Details - ImportResultOutputID=15c8c079d336d28f621b2cb41a27d1c5 DependenciesID=4146b470eff75e2af9cda55e234faa57 StaticDependenciesID=cff10e0e93a10e77c402345816f11640 
Refreshing native plugins compatible for Editor in 2.31 ms, found 5 plugins.
Asset Pipeline Refresh (id=b40cd5c828e4ecc4d95808aebdee0703): Total: 0.059 seconds - Initiated by StopAssetImportingV2(NoUpdateAssetOptions)
MonoPathRemapper: Attempts to remap: 125379; Successful remaps: 24510
Serialized file version minimum: 23, current 23
[LAYOUT] About to save layout C:\Users\maksi\PR4_Visual_UI\UserSettings\Layouts\default-6000.dwlt
[LAYOUT] About to save layout C:/Users/maksi/AppData/Roaming/Unity/Editor-5.x/Preferences\Layouts\current\default-6000.dwlt
Clearing [LiberationSans SDF - Fallback] dynamic font asset data.
UnityEngine.Debug:ExtractStackTraceNoAlloc (byte*,int,string)
UnityEngine.StackTraceUtility:ExtractStackTrace ()
UnityEngine.DebugLogHandler:Internal_Log (UnityEngine.LogType,UnityEngine.LogOption,string,UnityEngine.Object)
UnityEngine.DebugLogHandler:LogFormat (UnityEngine.LogType,UnityEngine.Object,string,object[])
UnityEngine.Logger:Log (UnityEngine.LogType,object)
UnityEngine.Debug:Log (object)
TMPro.EditorEventCallbacks/<>c:<InitializeFontAssetResourceChangeCallBacks>b__0_0 () (at ./Library/PackageCache/com.unity.ugui@23caec89ae27/Editor/TMP/TMP_EditorResourceManager.cs:36)
UnityEditor.EditorApplication:Internal_EditorApplicationQuit ()

(Filename: ./Library/PackageCache/com.unity.ugui@23caec89ae27/Editor/TMP/TMP_EditorResourceManager.cs Line: 36)

Importing 'GUID: 2e498d1c8094910479dc3e1b768306a4 - Path: Assets/TextMesh Pro/Resources/Fonts & Materials/LiberationSans SDF - Fallback.asset' with importer (NativeFormatImporter)
Imported 'GUID: 2e498d1c8094910479dc3e1b768306a4' -> (Import Result ID: '6d781e73c222eaa47b2487e9bcc80fe2') in 0.002 seconds [static dependencies only]. Details - ImportResultOutputID=15c8c079d336d28f621b2cb41a27d1c5 DependenciesID=2361a5d0d2bd027c81d4ca4c76cbe7b2 StaticDependenciesID=3d0114af7d9151157afd14ee83a2e7d0 
Asset Pipeline Refresh (id=822c0f139fb916041ad25825704c3e32): Total: 0.046 seconds - Initiated by StopAssetImportingV2(NoUpdateAssetOptions)
Input System module state changed to: ShutdownInProgress.
Input Polling Thread exited.
Input System module state changed to: Shutdown.
[Physics::Module] Cleanup current backend.
[Physics::Module] Id: 0xf2b8ea05
[Licensing::IpcConnector] LicenseClient-maksi-notifications channel disconnected successfully.
[Licensing::IpcConnector] LicenseClient-maksi channel disconnected successfully.
Lingering sessions upon destruction of worker manager
Unity Data Store service was successfully shut down
UDS shutting down local client system
Shut down UDS service system complete
AcceleratorClientConnectionCallback - disconnected - :0
Cleanup mono
CodeReloadManager destroyed
abort_threads: Failed aborting id: 000000000000589C, mono_thread_manage will ignore it

abort_threads: Failed aborting id: 0000000000000820, mono_thread_manage will ignore it

abort_threads: Failed aborting id: 000000000000589C, mono_thread_manage will ignore it

abort_threads: Failed aborting id: 0000000000000820, mono_thread_manage will ignore it

debugger-agent: Unable to listen on 4856
Checking for leaked weakptr:
  Found no leaked weakptrs.
[Package Manager] Server process was shutdown
##utp:{"type":"MemoryLeaks","version":2,"phase":"Immediate","time":1789562388541,"processId":26444,"allocatedMemory":17512038,"memoryLabels":[{"Default":196394},{"Permanent":15516},{"NewDelete":69561},{"Thread":4206112},{"Manager":820360},{"VertexData":8},{"Geometry":816},{"Texture":24},{"Shader":869395},{"Material":24},{"GfxDevice":62712},{"GfxThread":1536},{"Animation":952},{"FreeType":8},{"FontEngine":736},{"Physics":1970},{"Physics2D":16},{"Serialization":188304},{"Input":45280},{"JobScheduler":256},{"TextLib":22336},{"Mono":48},{"MonoCode":320},{"ScriptingNativeRuntime":1320296},{"BaseObject":50512},{"Resource":1208},{"Renderer":2376},{"Transform":4685},{"File":7389},{"WebCam":616},{"Culling":32},{"Terrain":11442},{"Wind":24},{"STL":40},{"String":463310},{"StaticString":3808},{"Utility":2674402},{"Curl":48},{"PoolAlloc":2408},{"AI":80},{"TypeTree":17165},{"ScriptManager":18960},{"CodeReload":448},{"RuntimeInitializeOnLoadManager":64},{"Sprites":102},{"SpriteAtlas":120},{"GI":7816},{"Director":8296},{"CloudService":7728},{"WebRequest":19163},{"VR":49650},{"SceneManager":608},{"Video":208},{"LazyScriptCache":32},{"NativeArray":1080},{"Camera":729},{"Secure":265},{"SerializationCache":9256},{"APIUpdating":10320},{"Subsystems":336},{"VirtualTexturing":57888},{"StaticSafetyDebugInfo":278528},{"Analytics":768},{"Hierarchy":1188},{"UIElements":40},{"CoreStats":14456},{"Identifiers":7152},{"Gui":803216},{"EditorUtility":145977},{"VersionControl":8},{"Undo":931},{"AssetDatabase":4939019},{"AssetImporter":40},{"EditorGi":328},{"UnityConnect":36882},{"Upm":1988},{"UpmDiagnostics":8},{"AssetCompliance":96},{"DrivenProperties":72},{"LocalIPC":260},{"ProfilerEditor":9746},{"CoreBusinessMetrics":3600},{"Windowing":456},{"Licensing":12805},{"AssetReference":32},{"IPCStream":32}]}
