VBCSCompilerPreWarmer: pre-warm launched (dotnet PID 12660)
VBCSCompiler prewarm took 7.71 ms
[Licensing::Module] Trying to connect to existing licensing client channel...
Built from '6000.6/respin/6000.6.0f1-fa21a270ab12' branch; Version is '6000.6.0f1 (f7f8ed4d1e24) revision 16251117'; Using compiler version '194234433'; Build Type 'Release'
[Licensing::IpcConnector] Successfully connected to: "LicenseClient-maksi" at "2026-09-14T13:32:33.8603062Z"
OS: 'Windows 11  (10.0.26200) Professional' Language: 'ru' Physical Memory: 32449 MB
BatchMode: 0, IsHumanControllingUs: 1, StartBugReporterOnCrash: 1, Is64bit: 1
System  architecture: x64
Process architecture: x64
Date: 2026-09-14T13:32:33Z
[Licensing::Client] Code 10 while verifying Licensing Client signature (process Id: 17212, path: "C:/Program Files/Unity Hub/UnityLicensingClient_V1/Unity.Licensing.Client.exe")
[Licensing::Module] LicensingClient has failed validation; ignoring
[Licensing::Client] Handshaking with LicensingClient:
  Version:                 1.18.3+d7ffd15
  Session Id:              a322d3dcf61f432cb6e58d145a4b4ed1
  Correlation Id:          d9be20797668043546ec28dabd11abcc
  External correlation Id: 879879833997163818
  Machine Id:              3AYwqKr4+BBsh/2CYuvxhbpugSw=
[Licensing::Module] Successfully connected to LicensingClient on channel: "LicenseClient-maksi" (connect: 0.00s, validation: 0.00s, handshake: 0.04s)
[Licensing::IpcConnector] Successfully connected to: "LicenseClient-maksi-notifications" at "2026-09-14T13:32:33.901727Z"
[Licensing::Client] Successfully updated the access token
[Licensing::Module] Successfully updated the access token Ab-nBsQ7nC...
[Licensing::Client] Successfully resolved entitlement details
[Licensing::Module] License group:
  Id: 10171541237162-UnityPersXXXX
  Product: Unity Personal
  Type: Assigned
  Expiration: Unlimited
[Licensing::Client] Successfully updated license, isAsync: True, time: 0.00
[Licensing::Client] Successfully resolved entitlement details
[Licensing::Module] Licensing Background thread has ended after 0.05s

COMMAND LINE ARGUMENTS:
C:\Program Files\Unity\Hub\Editor\6000.6.0f1\Editor\Unity.exe
-projectpath
C:\Users\maksi\PR4_Visual_UI
-acceptSoftwareTermsForThisRunOnly
-useHub
-hubIPC
-cloudEnvironment
production
-licensingIpc
LicenseClient-maksi
-hubSessionId
cd71984d-6e81-4d3b-a278-2f8de6c6799a
-accessToken
Ab-nBsQ7nCywsuFKMzmplkklbV0RgcGtaeptEI9IlAg009f
Successfully changed project path to: C:\Users\maksi\PR4_Visual_UI
C:/Users/maksi/PR4_Visual_UI
[UnityMemory] Configuration Parameters - Can be set up in boot.config
    "memorysetup-temp-allocator-size-gi-baking-worker=262144"
    "memorysetup-temp-allocator-size-gi-baking-worker=262144"
    "memorysetup-temp-allocator-size-gi-baking-worker=262144"
    "memorysetup-temp-allocator-size-gi-baking-worker=262144"
    "memorysetup-temp-allocator-size-gi-baking-worker=262144"
    "memorysetup-temp-allocator-size-nav-mesh-worker=65536"
    "memorysetup-temp-allocator-size-audio-worker=65536"
    "memorysetup-temp-allocator-size-cloud-worker=32768"
    "memorysetup-temp-allocator-size-gfx=262144"
    "memorysetup-remapper-allocator-initial-capacity=32768"
    "memorysetup-temp-allocator-size-preload-manager=33554432"
    "memorysetup-allocator-temp-initial-block-size-main=262144"
    "memorysetup-allocator-temp-initial-block-size-worker=262144"
    "memorysetup-temp-allocator-size-job-worker=262144"
    "memorysetup-temp-allocator-size-background-worker=32768"
    "memorysetup-bucket-allocator-granularity=16"
    "memorysetup-bucket-allocator-bucket-count=8"
    "memorysetup-bucket-allocator-block-size=33554432"
    "memorysetup-bucket-allocator-block-count=8"
    "memorysetup-main-allocator-block-size=16777216"
    "memorysetup-thread-allocator-block-size=16777216"
    "memorysetup-main-allocator-mimalloc-enabled=1"
    "memorysetup-gfx-main-allocator-block-size=16777216"
    "memorysetup-gfx-thread-allocator-block-size=16777216"
    "memorysetup-cache-allocator-block-size=4194304"
    "memorysetup-typetree-allocator-block-size=2097152"
    "memorysetup-profiler-bucket-allocator-granularity=16"
    "memorysetup-profiler-bucket-allocator-bucket-count=8"
    "memorysetup-profiler-bucket-allocator-block-size=33554432"
    "memorysetup-profiler-bucket-allocator-block-count=8"
    "memorysetup-profiler-allocator-block-size=16777216"
    "memorysetup-profiler-editor-allocator-block-size=1048576"
    "memorysetup-temp-allocator-size-main=16777216"
    "memorysetup-job-temp-allocator-block-size=2097152"
    "memorysetup-job-temp-allocator-block-size-background=1048576"
    "memorysetup-job-temp-allocator-reduction-small-platforms=262144"
Player connection [18196]  Target information:

Player connection [18196]  * "[IP] 192.168.0.14 [Port] 55504 [Flags] 2 [Guid] 2699614627 [EditorId] 2699614627 [Version] 1048832 [Id] WindowsEditor(7,MAZUTA) [Debug] 1 [PackageName] WindowsEditor [ProjectName] Editor" 

Player connection [18196] Host joined multi-casting on [225.0.0.222:54997]...
Player connection [18196] Host joined alternative multi-casting on [225.0.0.222:34997]...
Input System module state changed to: Initialized.
[Physics::Module] Initialized fallback backend.
[Physics::Module] Id: 0xdecafbad
[Package Manager] Connected to IPC stream "Upm-12172" after 0.2 seconds.
[Licensing::Client] Successfully resolved entitlement details
Library Redirect Path: Library/
Initialising UDS system complete:
  - System type: Client
  - Resource namespace: b50e083396909548b0d04535c85d7db4
  - Shared memory size: 1073741824
  - Command buffer id: 1052576
  - Command buffer size: 8192
  - Hashmap size: 4194304
  - Service connected: false
Launching Unity Data Store - C:/Program Files/Unity/Hub/Editor/6000.6.0f1/Editor/Data/Tools/Unity.DataStore.exe 
Unity Data Store artifact dir = Library/DataStore, working dir = C:/Users/maksi/PR4_Visual_UI[Physics::Module] Selected backend.
[Physics::Module] Name: PhysX
[Physics::Module] Id: 0xf2b8ea05
[Physics::Module] SDK Version: 4.1.2
[Physics::Module] Integration Version: 1.0.0
[Physics::Module] Threading Mode: Multi-Threaded
Unity Data Store running and initialised
Initialize engine version: 6000.6.0f1 (f7f8ed4d1e24)
[EntityIdStore] init: VM path (explicit commit), pageSize=4096, blockCount=1048576, entitiesPerBlock=256, slots reserved=4294967296 bytes
[Subsystems] Discovering subsystems at path C:/Program Files/Unity/Hub/Editor/6000.6.0f1/Editor/Data/Resources/UnitySubsystems
[Subsystems] Discovering subsystems at path C:/Users/maksi/PR4_Visual_UI/Assets
[D3D12 Device Filter] Vendor Name: NVIDIA
[D3D12 Device Filter] Device Name: NVIDIA GeForce RTX 5070
[D3D12 Device Filter] Driver Version: 32.0.16.1088
[D3D12 Device Filter] Feature Level: 12.2
[D3D12 Device Filter] Graphics Memory: 11943 MB
[D3D12 Device Filter] Processor Count: 12
[D3D12 Device Filter] Device Type: Discrete
GfxDevice: creating device client; kGfxThreadingModeSplitJobs
d3d12: failed to query info queue interface (0x80004002).
Direct3D:
    Version:         Direct3D 12 [level 12.2]
    Renderer:        NVIDIA GeForce RTX 5070 (ID=0x2f04)
    Vendor:          NVIDIA
    VRAM:            11943 MB
    App VRAM Budget: 11175 MB
    Driver:          32.0.16.1088
Initialize mono
Mono path[0] = 'C:/Program Files/Unity/Hub/Editor/6000.6.0f1/Editor/Data/Managed'
Mono path[1] = 'C:/Program Files/Unity/Hub/Editor/6000.6.0f1/Editor/Data/BCLExtensions/runtime/netstandard2.1'
Mono path[2] = 'C:/Program Files/Unity/Hub/Editor/6000.6.0f1/Editor/Data/MonoBleedingEdge/lib/mono/unityjit-win32'
Mono config path = 'C:/Program Files/Unity/Hub/Editor/6000.6.0f1/Editor/Data/MonoBleedingEdge/etc'
Using monoOptions --debugger-agent=transport=dt_socket,embedding=1,server=y,suspend=n,address=127.0.0.1:56172
CodeReloadManager initialized
ImportWorker Server TCP listen port: 0
AcceleratorClientConnectionCallback - disconnected - :0
Begin MonoManager ReloadAssembly
Registering precompiled unity dll's ...
Register platform support module: C:/Program Files/Unity/Hub/Editor/6000.6.0f1/Editor/Data/PlaybackEngines/WebGLSupport/UnityEditor.WebGL.Extensions.dll
Register platform support module: C:/Program Files/Unity/Hub/Editor/6000.6.0f1/Editor/Data/PlaybackEngines/WindowsStandaloneSupport/UnityEditor.WindowsStandalone.Extensions.dll
Registered in 0.001878 seconds.
Native extension for WindowsStandalone target not found
Native extension for WebGL target not found
Package Manager log level set to [2]
ScheduleIndexationOnStartup MainProcess:False IndexOnStartup:True
Scripting: successfully reloaded assembly
- Finished resetting the current domain, in  0.680 seconds
Domain Reload Profiling: 1205ms
	BeginReloadAssembly (120ms)
	RebuildCommonClasses (6ms)
	RebuildNativeTypeToScriptingClass (17ms)
	initialDomainReloadingComplete (59ms)
	LoadAllAssembliesAndSetupDomain (323ms)
		LoadAssemblies (117ms)
		TypeCache.Refresh (213ms)
			TypeCache.ScanAssembly (198ms)
		AnalyzeDomain (1ms)
	FinalizeReload (681ms)
		SetupLoadedEditorAssemblies (0ms)
			InitializePlatformSupportModulesInManaged (3ms)
			BeforeProcessingInitializeOnLoad (97ms)
			ProcessInitializeOnLoadAttributes (99ms)
			ProcessInitializeOnLoadMethodAttributes (265ms)
[Licensing::Client] Successfully resolved entitlement details
Application.AssetDatabase Initial Refresh Start
[Package Manager] Restoring resolved packages state from cache
[Licensing::Client] Successfully resolved entitlement details
[Package Manager] Registered 71 packages:
  Packages from [https://packages.unity.com]:
    com.unity.2d.animation@16.0.0 (location: C:\Users\maksi\PR4_Visual_UI\Library\PackageCache\com.unity.2d.animation@147f6a6d9e7f)
    com.unity.2d.aseprite@6.0.0 (location: C:\Users\maksi\PR4_Visual_UI\Library\PackageCache\com.unity.2d.aseprite@ab909e3e9b5f)
    com.unity.2d.psdimporter@15.0.0 (location: C:\Users\maksi\PR4_Visual_UI\Library\PackageCache\com.unity.2d.psdimporter@3ef8178676f6)
    com.unity.2d.spriteshape@16.0.0 (location: C:\Users\maksi\PR4_Visual_UI\Library\PackageCache\com.unity.2d.spriteshape@42798c9d35d3)
    com.unity.2d.tilemap.extras@9.0.0 (location: C:\Users\maksi\PR4_Visual_UI\Library\PackageCache\com.unity.2d.tilemap.extras@598e8b65eaae)
    com.unity.2d.tooling@4.0.0 (location: C:\Users\maksi\PR4_Visual_UI\Library\PackageCache\com.unity.2d.tooling@92c2769ac09c)
    com.unity.collab-proxy@2.13.6 (location: C:\Users\maksi\PR4_Visual_UI\Library\PackageCache\com.unity.collab-proxy@4628d2ba6ea4)
    com.unity.ide.rider@3.0.38 (location: C:\Users\maksi\PR4_Visual_UI\Library\PackageCache\com.unity.ide.rider@1f60b3138684)
    com.unity.ide.visualstudio@2.0.26 (location: C:\Users\maksi\PR4_Visual_UI\Library\PackageCache\com.unity.ide.visualstudio@a99d56dec63f)
    com.unity.inputsystem@1.20.0 (location: C:\Users\maksi\PR4_Visual_UI\Library\PackageCache\com.unity.inputsystem@7a4e1a2a8194)
    com.unity.learn.iet-framework@6.0.7 (location: C:\Users\maksi\PR4_Visual_UI\Library\PackageCache\com.unity.learn.iet-framework@96330db47073)
    com.unity.visualscripting@1.9.12 (location: C:\Users\maksi\PR4_Visual_UI\Library\PackageCache\com.unity.visualscripting@4edfcc09512f)
    com.unity.settings-manager@2.1.1 (location: C:\Users\maksi\PR4_Visual_UI\Library\PackageCache\com.unity.settings-manager@0b8638c5ce86)
    com.unity.2d.common@15.0.0 (location: C:\Users\maksi\PR4_Visual_UI\Library\PackageCache\com.unity.2d.common@b779c433ed47)
    com.unity.searcher@4.9.5 (location: C:\Users\maksi\PR4_Visual_UI\Library\PackageCache\com.unity.searcher@a463122f2c00)
    com.unity.profiling.core@1.0.3 (location: C:\Users\maksi\PR4_Visual_UI\Library\PackageCache\com.unity.profiling.core@8a49f7027d06)
    com.unity.nuget.mono-cecil@1.11.6 (location: C:\Users\maksi\PR4_Visual_UI\Library\PackageCache\com.unity.nuget.mono-cecil@ecb9724e46ff)
  Built-in packages:
    com.unity.2d.sprite@1.0.0 (location: C:\Users\maksi\PR4_Visual_UI\Library\PackageCache\com.unity.2d.sprite@947350d67f82)
    com.unity.2d.tilemap@1.0.0 (location: C:\Users\maksi\PR4_Visual_UI\Library\PackageCache\com.unity.2d.tilemap@639ca1d99254)
    com.unity.render-pipelines.universal@17.6.0 (location: C:\Users\maksi\PR4_Visual_UI\Library\PackageCache\com.unity.render-pipelines.universal@8457e85b8184)
    com.unity.test-framework@1.8.0 (location: C:\Users\maksi\PR4_Visual_UI\Library\PackageCache\com.unity.test-framework@7a3849e09bd0)
    com.unity.timeline@6.6.0 (location: C:\Users\maksi\PR4_Visual_UI\Library\PackageCache\com.unity.timeline@281d5f7e7d7d)
    com.unity.ugui@2.6.0 (location: C:\Users\maksi\PR4_Visual_UI\Library\PackageCache\com.unity.ugui@23caec89ae27)
    com.unity.modules.accessibility@1.0.0 (location: C:\Users\maksi\PR4_Visual_UI\Library\PackageCache\com.unity.modules.accessibility)
    com.unity.modules.adaptiveperformance@1.0.0 (location: C:\Users\maksi\PR4_Visual_UI\Library\PackageCache\com.unity.modules.adaptiveperformance)
    com.unity.modules.ai@1.0.0 (location: C:\Users\maksi\PR4_Visual_UI\Library\PackageCache\com.unity.modules.ai)
    com.unity.modules.androidjni@1.0.0 (location: C:\Users\maksi\PR4_Visual_UI\Library\PackageCache\com.unity.modules.androidjni)
    com.unity.modules.animation@1.0.0 (location: C:\Users\maksi\PR4_Visual_UI\Library\PackageCache\com.unity.modules.animation)
    com.unity.modules.assetbundle@1.0.0 (location: C:\Users\maksi\PR4_Visual_UI\Library\PackageCache\com.unity.modules.assetbundle)
    com.unity.modules.audio@1.0.0 (location: C:\Users\maksi\PR4_Visual_UI\Library\PackageCache\com.unity.modules.audio)
    com.unity.modules.cloth@1.0.0 (location: C:\Users\maksi\PR4_Visual_UI\Library\PackageCache\com.unity.modules.cloth)
    com.unity.modules.director@1.0.0 (location: C:\Users\maksi\PR4_Visual_UI\Library\PackageCache\com.unity.modules.director)
    com.unity.modules.imageconversion@1.0.0 (location: C:\Users\maksi\PR4_Visual_UI\Library\PackageCache\com.unity.modules.imageconversion)
    com.unity.modules.imgui@1.0.0 (location: C:\Users\maksi\PR4_Visual_UI\Library\PackageCache\com.unity.modules.imgui)
    com.unity.modules.jsonserialize@1.0.0 (location: C:\Users\maksi\PR4_Visual_UI\Library\PackageCache\com.unity.modules.jsonserialize)
    com.unity.modules.particlesystem@1.0.0 (location: C:\Users\maksi\PR4_Visual_UI\Library\PackageCache\com.unity.modules.particlesystem)
    com.unity.modules.physics@1.0.0 (location: C:\Users\maksi\PR4_Visual_UI\Library\PackageCache\com.unity.modules.physics)
    com.unity.modules.physics2d@1.0.0 (location: C:\Users\maksi\PR4_Visual_UI\Library\PackageCache\com.unity.modules.physics2d)
    com.unity.modules.physicscore2d@1.0.0 (location: C:\Users\maksi\PR4_Visual_UI\Library\PackageCache\com.unity.modules.physicscore2d)
    com.unity.modules.screencapture@1.0.0 (location: C:\Users\maksi\PR4_Visual_UI\Library\PackageCache\com.unity.modules.screencapture)
    com.unity.modules.terrain@1.0.0 (location: C:\Users\maksi\PR4_Visual_UI\Library\PackageCache\com.unity.modules.terrain)
    com.unity.modules.terrainphysics@1.0.0 (location: C:\Users\maksi\PR4_Visual_UI\Library\PackageCache\com.unity.modules.terrainphysics)
    com.unity.modules.tetgen@1.0.0 (location: C:\Users\maksi\PR4_Visual_UI\Library\PackageCache\com.unity.modules.tetgen)
    com.unity.modules.tilemap@1.0.0 (location: C:\Users\maksi\PR4_Visual_UI\Library\PackageCache\com.unity.modules.tilemap)
    com.unity.modules.timelinefoundation@1.0.0 (location: C:\Users\maksi\PR4_Visual_UI\Library\PackageCache\com.unity.modules.timelinefoundation)
    com.unity.modules.ui@1.0.0 (location: C:\Users\maksi\PR4_Visual_UI\Library\PackageCache\com.unity.modules.ui)
    com.unity.modules.uielements@1.0.0 (location: C:\Users\maksi\PR4_Visual_UI\Library\PackageCache\com.unity.modules.uielements)
    com.unity.modules.umbra@1.0.0 (location: C:\Users\maksi\PR4_Visual_UI\Library\PackageCache\com.unity.modules.umbra)
    com.unity.modules.unityanalytics@1.0.0 (location: C:\Users\maksi\PR4_Visual_UI\Library\PackageCache\com.unity.modules.unityanalytics)
    com.unity.modules.unitywebrequest@1.0.0 (location: C:\Users\maksi\PR4_Visual_UI\Library\PackageCache\com.unity.modules.unitywebrequest)
    com.unity.modules.unitywebrequestassetbundle@1.0.0 (location: C:\Users\maksi\PR4_Visual_UI\Library\PackageCache\com.unity.modules.unitywebrequestassetbundle)
    com.unity.modules.unitywebrequestaudio@1.0.0 (location: C:\Users\maksi\PR4_Visual_UI\Library\PackageCache\com.unity.modules.unitywebrequestaudio)
    com.unity.modules.unitywebrequesttexture@1.0.0 (location: C:\Users\maksi\PR4_Visual_UI\Library\PackageCache\com.unity.modules.unitywebrequesttexture)
    com.unity.modules.unitywebrequestwww@1.0.0 (location: C:\Users\maksi\PR4_Visual_UI\Library\PackageCache\com.unity.modules.unitywebrequestwww)
    com.unity.modules.vectorgraphics@1.0.0 (location: C:\Users\maksi\PR4_Visual_UI\Library\PackageCache\com.unity.modules.vectorgraphics)
    com.unity.modules.vehicles@1.0.0 (location: C:\Users\maksi\PR4_Visual_UI\Library\PackageCache\com.unity.modules.vehicles)
    com.unity.modules.video@1.0.0 (location: C:\Users\maksi\PR4_Visual_UI\Library\PackageCache\com.unity.modules.video)
    com.unity.modules.wind@1.0.0 (location: C:\Users\maksi\PR4_Visual_UI\Library\PackageCache\com.unity.modules.wind)
    com.unity.modules.xr@1.0.0 (location: C:\Users\maksi\PR4_Visual_UI\Library\PackageCache\com.unity.modules.xr)
    com.unity.modules.subsystems@1.0.0 (location: C:\Users\maksi\PR4_Visual_UI\Library\PackageCache\com.unity.modules.subsystems)
    com.unity.modules.hierarchycore@1.0.0 (location: C:\Users\maksi\PR4_Visual_UI\Library\PackageCache\com.unity.modules.hierarchycore)
    com.unity.ext.nunit@2.1.0 (location: C:\Users\maksi\PR4_Visual_UI\Library\PackageCache\com.unity.ext.nunit@0198eae3b53e)
    com.unity.render-pipelines.core@17.6.0 (location: C:\Users\maksi\PR4_Visual_UI\Library\PackageCache\com.unity.render-pipelines.core@2d66c71e606e)
    com.unity.shadergraph@17.6.0 (location: C:\Users\maksi\PR4_Visual_UI\Library\PackageCache\com.unity.shadergraph@ef6135652377)
    com.unity.render-pipelines.universal-config@17.6.0 (location: C:\Users\maksi\PR4_Visual_UI\Library\PackageCache\com.unity.render-pipelines.universal-config@561422b74439)
    com.unity.editorcoroutines@6.6.0 (location: C:\Users\maksi\PR4_Visual_UI\Library\PackageCache\com.unity.editorcoroutines@8cd72baa102a)
    com.unity.mathematics@1.4.0 (location: C:\Users\maksi\PR4_Visual_UI\Library\PackageCache\com.unity.mathematics@8306a64d0cd6)
    com.unity.collections@6.6.0 (location: C:\Users\maksi\PR4_Visual_UI\Library\PackageCache\com.unity.collections@10fff0607388)
    com.unity.graph-authoring@1.0.0 (location: C:\Users\maksi\PR4_Visual_UI\Library\PackageCache\com.unity.graph-authoring@cfd2588851ee)
    com.unity.burst@2.0.0 (location: C:\Users\maksi\PR4_Visual_UI\Library\PackageCache\com.unity.burst@626e66ab421b)
    com.unity.test-framework.performance@6.6.0 (location: C:\Users\maksi\PR4_Visual_UI\Library\PackageCache\com.unity.test-framework.performance@0a60b857a52e)
[Subsystems] No new subsystems found in resolved package list.
[Package Manager] Done registering packages in 0.02 seconds
Starting: C:\Program Files\Unity\Hub\Editor\6000.6.0f1\Editor\Data\Tools\BuildPipeline\bee_backend.exe --ipc --defer-dag-verification --dagfile="Library/Bee/1900b0aE.dag" --continue-on-failure --profile="Library/Bee/backend1.traceevents" ScriptAssemblies
WorkingDir: C:/Users/maksi/PR4_Visual_UI
warn: Unity.ILPP.Runner.PostProcessingAssemblyLoadContext[0]
      Assembly system.runtime.interopservices.windowsruntime has duplicate hint path. Ignoring "C:\Program Files\Unity\Hub\Editor\6000.6.0f1\Editor\Data\UnityReferenceAssemblies\unity-4.8-api\Facades\System.Runtime.InteropServices.WindowsRuntime.dll" in favor of "C:\Program Files\Unity\Hub\Editor\6000.6.0f1\Editor\Data\NetStandard\Extensions\2.0.0\System.Runtime.InteropServices.WindowsRuntime.dll"
warn: Unity.ILPP.Runner.PostProcessingAssemblyLoadContext[0]
      Assembly system.componentmodel.composition has duplicate hint path. Ignoring "C:\Program Files\Unity\Hub\Editor\6000.6.0f1\Editor\Data\UnityReferenceAssemblies\unity-4.8-api\System.ComponentModel.Composition.dll" in favor of "C:\Program Files\Unity\Hub\Editor\6000.6.0f1\Editor\Data\NetStandard\compat\2.1.0\shims\netfx\System.ComponentModel.Composition.dll"
ExitCode: 0 Duration: 0s262ms
[ 971/1266  0s] ILPP-Configuration Library/ilpp-configuration.nevergeneratedoutput
*** Tundra build success (0.23 seconds), 1 items updated, 1266 evaluated
Total cache size 37731712
Total cache size after purge 37731712, took 00:00:00.0386220
AssetDatabase: script compilation time: 0.775544s
Begin MonoManager ReloadAssembly
'Packages/com.unity.render-pipelines.core/Editor/Deprecated.cs' contains partial class of Unity.Object, exactly 1 of the partial classes needs to be in a file with the same filename. This is to know the one that can be referenced from ie. GameObjects
'Packages/com.unity.render-pipelines.core/Editor/Deprecated.cs' contains partial class of Unity.Object, exactly 1 of the partial classes needs to be in a file with the same filename. This is to know the one that can be referenced from ie. GameObjects
Native extension for WindowsStandalone target not found
Native extension for WebGL target not found
ScheduleIndexationOnStartup MainProcess:True IndexOnStartup:True
Scripting: successfully reloaded assembly
- Finished resetting the current domain, in  0.903 seconds
Domain Reload Profiling: 1815ms
	BeginReloadAssembly (218ms)
		DisableScriptedObjects (23ms)
		CreateAndSetChildDomain (58ms)
	RebuildCommonClasses (9ms)
	RebuildNativeTypeToScriptingClass (14ms)
	initialDomainReloadingComplete (49ms)
	LoadAllAssembliesAndSetupDomain (622ms)
		LoadAssemblies (302ms)
		TypeCache.Refresh (172ms)
			TypeCache.ScanAssembly (161ms)
		AnalyzeDomain (79ms)
			BuildScriptInfoCaches (70ms)
			ResolveRequiredComponents (8ms)
	FinalizeReload (904ms)
		SetupLoadedEditorAssemblies (0ms)
			BeforeProcessingInitializeOnLoad (103ms)
			ProcessInitializeOnLoadAttributes (373ms)
			ProcessInitializeOnLoadMethodAttributes (184ms)
			AfterProcessingInitializeOnLoad (5ms)
		AwakeInstancesAfterBackupRestoration (25ms)
Starting new worker id: 0 with log in C:/Users/maksi/PR4_Visual_UI/Logs/AssetImportWorkerHW0.log

Asset Pipeline Refresh (id=fa6204dfc1bb6384fb90433204b8d792): Total: 3.357 seconds - Initiated by InitialRefreshV2(ForceSynchronousImport)
	(Values over 0.05ms)
	Summary:
		Imports: total=0 (actual=0, local cache=0, cache server=0)
		Asset DB Process Time: managed=0 ms, native=1491 ms
		Asset DB Callback time: managed=29 ms, native=24 ms
		Scripting: domain reloads=1, domain reload time=958 ms, compile time=777 ms, other=74 ms
		Project Asset Count: scripts=1700, non-scripts=3421
		Asset File Changes: new=0, changed=0, moved=0, deleted=0
		Scan Filter Count: 0
	InvokePackagesCallback: 26.366ms
	ApplyChangesToAssetFolders: 0.794ms
	Scan: 183.360ms
	Collect global state as custom dependencies: 20.091ms
	CategorizeScriptCompilationAssets: 49.606ms
	ProcessAssetsWithTransientArtifactChanges: 91.859ms
	CategorizeAssets: 64.684ms
	CompileScripts: 777.315ms
	ImportOutOfDateAssets: 924.965ms (911.616ms without children)
		UnloadImportedAssets: 0.635ms
		EnsureUptoDateAssetsAreRegisteredWithGuidPM: 0.852ms
		ImportSchedulerStart: 11.817ms
	PostProcessAllAssets: 30.047ms
		MonoPostProcessAllAssets: 29.953ms
			UniversalRenderPipelineGlobalSettingsPostprocessor.OnPostprocessAllAssets 13.123ms
			WindowAssetPostprocessingWatcher.OnPostprocessAllAssets 1.864ms
			SpeedTree9Postprocessor.OnPostprocessAllAssets 1.607ms
			EditModeScopePostprocessor.OnPostprocessAllAssets 1.010ms
			ShaderReflectionAssetPostProcessor.OnPostprocessAllAssets 0.657ms
			RenderPipelineGlobalSettingsPostprocessor.OnPostprocessAllAssets 0.600ms
			ReferencedClipsPostProcessor.OnPostprocessAllAssets 0.222ms
			InputActionAssetPostprocessor.OnPostprocessAllAssets 0.218ms
			TerrainToolbarOverlayPostProcessor.OnPostprocessAllAssets 0.164ms
			AssetDatabaseCallbacks.OnPostprocessAllAssets 0.140ms
			ProjectSettingsPostprocessor.OnPostprocessAllAssets 0.138ms
			SyncVS.PostprocessSyncProject 0.095ms
	UnloadStreamsBegin: 2.378ms
	PersistCurrentRevisions: 0.109ms
	GenerateScriptTypeHashes: 2.121ms
	GenerateScriptTypeSerializationHashes: 4.204ms
	Untracked: 1165.967ms

Application.AssetDatabase Initial Refresh End
Launched and connected shader compiler UnityShaderCompiler.exe after 0.01 seconds
Scanning for USB devices : 11.360ms
Initializing Unity extensions:
[MODES] ModeService[none].Initialize
[MODES] ModeService[none].LoadModes
[MODES] Loading mode Default (0) for mode-current-id-PR4_Visual_UI
Unloading 31 Unused Serialized files (Serialized files now loaded: 0)
Loaded scene 'Assets/Scenes/SampleScene.unity'
	Deserialize:            26.620 ms
	Integration:            64.652 ms
	Integration of assets:  2.906 ms
	Thread Wait Time:       0.016 ms
	Total Operation Time:   94.194 ms
Unloading 7557 unused Assets / (10.6 MB). Loaded Objects now: 8698.
Memory consumption went from 449.6 MB to 439.0 MB.
Total: 16.964200 ms (FindLiveObjects: 0.808100 ms CreateObjectMapping: 1.709100 ms MarkObjects: 8.856300 ms  DeleteObjects: 5.400300 ms)

[LAYOUT] About to load UserSettings\Layouts\default-6000.dwlt, keepMainWindow=False
[LAYOUT] About to save layout C:\Users\maksi\PR4_Visual_UI\UserSettings\Layouts\default-6000.dwlt
[LAYOUT] About to save layout C:/Users/maksi/AppData/Roaming/Unity/Editor-5.x/Preferences\Layouts\current\default-6000.dwlt
[MODES] ModeService[default].InitializeCurrentMode
[MODES] ModeService[default].RaiseModeChanged(default, default)
<RI> Initializing input.
Using Windows.Gaming.Input
[Project] Loading completed in 7.309 seconds
	Project init time: 				5.901 seconds
		Template init time: 		0.000 seconds
		Package Manager init time: 		0.232 seconds
		Asset Database init time: 		0.291 seconds
		Global illumination init time: 	0.002 seconds
		Assemblies load time: 			1.250 seconds
		Unity extensions init time: 	0.037 seconds
		Asset Database refresh time: 	3.357 seconds
	Scene opening time: 			1.218 seconds
##utp:{"type":"ProjectInfo","version":2,"phase":"Immediate","time":1789392761155,"processId":12172,"projectLoad":7.3093057,"projectInit":5.9005128,"templateInit":0.0,"packageManagerInit":0.2319638,"assetDatabaseInit":0.2907025,"globalIlluminationInit":0.0023934,"assembliesLoad":1.2496463,"unityExtensionsInit":0.0371673,"assetDatabaseRefresh":3.3567104,"sceneOpening":1.2182735}
##utp:{"type":"EditorInfo","version":2,"phase":"Immediate","time":1789392761155,"processId":12172,"editorVersion":"6000.6.0f1 (f7f8ed4d1e24)","branch":"6000.6/respin/6000.6.0f1-fa21a270ab12","buildType":"Release","platform":"Windows"}
Worker ready: AssetImportWorkerHW0 0
Reloading assemblies due to reload request.
Reloading assemblies after forced synchronous recompile.
Begin MonoManager ReloadAssembly
'Packages/com.unity.render-pipelines.core/Editor/Deprecated.cs' contains partial class of Unity.Object, exactly 1 of the partial classes needs to be in a file with the same filename. This is to know the one that can be referenced from ie. GameObjects
'Packages/com.unity.render-pipelines.core/Editor/Deprecated.cs' contains partial class of Unity.Object, exactly 1 of the partial classes needs to be in a file with the same filename. This is to know the one that can be referenced from ie. GameObjects
Refreshing native plugins compatible for Editor in 2.10 ms, found 5 plugins.
Native extension for WindowsStandalone target not found
Native extension for WebGL target not found
[MODES] ModeService[none].Initialize
[MODES] ModeService[none].LoadModes
ScheduleIndexationOnStartup MainProcess:True IndexOnStartup:True
Scripting: successfully reloaded assembly
- Finished resetting the current domain, in  1.628 seconds
Domain Reload Profiling: 2322ms
	BeginReloadAssembly (415ms)
		DisableScriptedObjects (123ms)
		CreateAndSetChildDomain (135ms)
	RebuildCommonClasses (13ms)
	RebuildNativeTypeToScriptingClass (14ms)
	initialDomainReloadingComplete (47ms)
	LoadAllAssembliesAndSetupDomain (205ms)
		LoadAssemblies (121ms)
		TypeCache.Refresh (5ms)
		AnalyzeDomain (24ms)
			ResolveRequiredComponents (21ms)
	FinalizeReload (1629ms)
		SetupLoadedEditorAssemblies (0ms)
			BeforeProcessingInitializeOnLoad (200ms)
			ProcessInitializeOnLoadAttributes (385ms)
			ProcessInitializeOnLoadMethodAttributes (74ms)
			AfterProcessingInitializeOnLoad (4ms)
		AwakeInstancesAfterBackupRestoration (579ms)
No restricted APIs configured; Validation skipped.
Checking 18 assemblies for restricted APIs found 0 usage(s) in 3 ms
Refreshing native plugins compatible for Editor in 2.46 ms, found 5 plugins.

Asset Pipeline Refresh (id=4c4951015b6b36e4e94bcacfaa71a403): Total: 3.423 seconds - Initiated by StopAssetImportingV2(ForceSynchronousImport | ForceDomainReload)
	(Values over 0.05ms)
	Summary:
		Imports: total=0 (actual=0, local cache=0, cache server=0)
		Asset DB Process Time: managed=0 ms, native=1945 ms
		Asset DB Callback time: managed=508 ms, native=236 ms
		Scripting: domain reloads=1, domain reload time=731 ms, compile time=2 ms, other=0 ms
		Project Asset Count: scripts=1700, non-scripts=3421
		Asset File Changes: new=0, changed=0, moved=0, deleted=0
		Scan Filter Count: 0
	InvokePackagesCallback: 1.325ms
	ApplyChangesToAssetFolders: 0.293ms
	Collect global state as custom dependencies: 2.926ms
	ProcessAssetsWithTransientArtifactChanges: 189.723ms
	CategorizeAssets: 59.791ms
	CompileScripts: 1.557ms
	ImportOutOfDateAssets: 1639.948ms (1636.194ms without children)
		CollectScriptTypesHashes: 1.403ms
		ReloadNativeAssets: 0.942ms
		UnloadImportedAssets: 1.909ms
		EnsureUptoDateAssetsAreRegisteredWithGuidPM: 0.609ms
		ImportSchedulerStart: 0.273ms
	PostProcessAllAssets: 737.506ms
		PostProcessCallbackCreateDeferredMaterials 18.577ms
		SpriteAtlasDatabase.OnAssetPostprocessCallback 16.032ms
		AssemblyValidation.PostprocessAllAssets 15.245ms
		RaytracingShaderImportPostprocess 9.082ms
		ShaderAssetModifiedCallback 8.983ms
		ComputeShaderImportPostprocess 8.957ms
		SpeedTreeImporter.PostprocessAllAssets 7.397ms
		LocalizationDatabase.AssetDatabasePostprocessCallback 4.058ms
		BlockShaderImporter.PostprocessAllAssets 3.220ms
		XRBuildSystem.XRAssetImported 0.398ms
		MonoPostProcessAllAssets: 506.207ms
			ShaderGraphAssetPostProcessor.OnPostprocessAllAssets 163.397ms
			AssetPostprocessor.OnPostprocessAllAssets 53.660ms
			PostProcessor.OnPostprocessAllAssets 39.490ms
			AssetChangedListener.OnPostprocessAllAssets 31.600ms
			InputActionJsonNameModifierAssetProcessor.OnPostprocessAllAssets 31.565ms
			InputActionAssetPostprocessor.OnPostprocessAllAssets 29.021ms
			MaterialPostprocessor.OnPostprocessAllAssets 27.817ms
			TextAssetPostProcessor.OnPostprocessAllAssets 22.131ms
			SpriteSlicePostprocessor.OnPostprocessAllAssets 18.192ms
			UniversalRenderPipelineGlobalSettingsPostprocessor.OnPostprocessAllAssets 12.238ms
			SpeedTree9Postprocessor.OnPostprocessAllAssets 5.483ms
			BuilderAssetPostprocessor.OnPostprocessAllAssets 5.197ms
			RenderPipelineGlobalSettingsPostprocessor.OnPostprocessAllAssets 4.006ms
			RetainedModeAssetPostprocessor.OnPostprocessAllAssets 2.365ms
			WindowAssetPostprocessingWatcher.OnPostprocessAllAssets 1.797ms
			ProjectSettingsPostprocessor.OnPostprocessAllAssets 0.774ms
			EditModeScopePostprocessor.OnPostprocessAllAssets 0.694ms
			ShaderReflectionAssetPostProcessor.OnPostprocessAllAssets 0.576ms
			SpriteEditorTexturePostprocessor.OnPostprocessAllAssets 0.539ms
			SpriteShapeAssetPostProcessor.OnPostprocessAllAssets 0.483ms
			TMPro_TexturePostProcessor.OnPostprocessAllAssets 0.477ms
			ArtifactBrowserPostProcessor.OnPostprocessAllAssets 0.416ms
			ThemePostprocessor.OnPostprocessAllAssets 0.406ms
			StyleCatalogPostProcessor.OnPostprocessAllAssets 0.406ms
			SpeedTreePostProcessor.OnPostprocessAllAssets 0.374ms
			UVCSAssetPostprocessor.OnPostprocessAllAssets 0.303ms
			AssetProcessor.OnPostprocessAllAssets 0.277ms
			ReferencedClipsPostProcessor.OnPostprocessAllAssets 0.264ms
			AudioMixerPostprocessor.OnPostprocessAllAssets 0.248ms
			SpriteLibraryAssetPostprocessor.OnPostprocessAllAssets 0.212ms
			AssetDatabaseCallbacks.OnPostprocessAllAssets 0.188ms
			AssetEvents.OnPostprocessAllAssets 0.182ms
			SyncVS.PostprocessSyncProject 0.171ms
			PSDImportPostProcessor.OnPostprocessAllAssets 0.165ms
			SamplePostprocessor.OnPostprocessAllAssets 0.154ms
			TerrainToolbarOverlayPostProcessor.OnPostprocessAllAssets 0.120ms
			ScenarioDriftAssetsTracker.OnPostprocessAllAssets 0.119ms
			ConfigAssetsTracker.OnPostprocessAllAssets 0.114ms
			PSDImporterAssetPostProcessor.OnPostprocessAllAssets 0.097ms
			AssetReloadNotifier.OnPostprocessAllAssets 0.087ms
			AudioContainerPostProcessor.OnPostprocessAllAssets 0.072ms
	PostAssetChangesProfiler: 6.569ms
	GatherAllCurrentPrimaryImportResultRevisions: 0.134ms
	UnloadStreamsBegin: 1.562ms
	PersistCurrentRevisions: 0.123ms
	GenerateScriptTypeHashes: 3.238ms
	GenerateScriptTypeSerializationHashes: 5.954ms
	Untracked: 759.794ms

Created GICache directory at C:/Users/maksi/AppData/LocalLow/Unity/Caches/GiCache. Took: 0.009s, timestamps: [8.268 - 8.277]
[Licensing::Client] Successfully resolved entitlement details
[Licensing::Client] Successfully resolved entitlement details
[Licensing::Client] Successfully updated the access token
[Licensing::Module] Successfully updated access token: "Ab-nBsQ7"... (expires: 2026-09-14T14:53:47Z)
[Licensing::Client] Successfully resolved entitlement details
[Licensing::Client] Successfully resolved entitlement details
[Licensing::Client] Successfully resolved entitlement details
Asset Pipeline Refresh (id=58c5ba3ec9089b14fa3d36f8ee02cbf0): Total: 0.005 seconds - Initiated by RefreshV2(AllowForceSynchronousImport)
Start Indexing on Editor startup
[Indexing] Starting Initial Indexing for Assets
TrimDiskCacheJob: Current cache size 0mb
Asset Pipeline Refresh (id=84d4509827d85e64187f25ee96098274): Total: 0.005 seconds - Initiated by RefreshV2(AllowForceSynchronousImport)
[Licensing::Client] Successfully resolved entitlement details
Asset Pipeline Refresh (id=32245142be89c3a4798821adc92c9f5e): Total: 0.006 seconds - Initiated by RefreshV2(AllowForceSynchronousImport)
Asset Pipeline Refresh (id=5abb188675d85fd478b307cdeff2d4c9): Total: 0.003 seconds - Initiated by RefreshV2(AllowForceSynchronousImport)
Asset Pipeline Refresh (id=2636838486ff39b4e9623b8b5a8906d3): Total: 0.003 seconds - Initiated by RefreshV2(AllowForceSynchronousImport)
Asset Pipeline Refresh (id=6d2619b6267fe4a4e8e9dad5afeb212f): Total: 0.003 seconds - Initiated by RefreshV2(AllowForceSynchronousImport)
AcceleratorClientConnectionCallback - disconnected - :0
Importing 'GUID: 00000000000000009000000000000000 - Path: ProjectSettings/QualitySettings.asset' with importer (LibraryAssetImporter)
Imported 'GUID: 00000000000000009000000000000000' -> (Import Result ID: 'ad6ca2034549a8dd6f88c2e2fb528c97') in 0.004 seconds [static dependencies only]. Details - ImportResultOutputID=2a108b3da874f726c62fbe5f12be4a8a DependenciesID=1aedbe56ae62f321fe459982db2fa012 StaticDependenciesID=e9a43e809c5953780a851aff477bfce8 
Importing 'GUID: 0000000000000000d100000000000000 - Path: ProjectSettings/VersionControlSettings.asset' with importer (LibraryAssetImporter)
Imported 'GUID: 0000000000000000d100000000000000' -> (Import Result ID: 'c1a24036e9bcb83675748c6ffbb183c3') in 0.001 seconds [static dependencies only]. Details - ImportResultOutputID=fe7ea0ac71117227a6d09fba509747a9 DependenciesID=4fe63a1b81415a4f91ab85d73370f824 StaticDependenciesID=52e63b4e08c78506d736699c1693b626 
Importing 'GUID: 2e498d1c8094910479dc3e1b768306a4 - Path: Assets/TextMesh Pro/Resources/Fonts & Materials/LiberationSans SDF - Fallback.asset' with importer (NativeFormatImporter)
Imported 'GUID: 2e498d1c8094910479dc3e1b768306a4' -> (Import Result ID: '2f2e8fa3944cc9c87a78f5ece31c28d7') in 0.002 seconds [static dependencies only]. Details - ImportResultOutputID=15c8c079d336d28f621b2cb41a27d1c5 DependenciesID=4146b470eff75e2af9cda55e234faa57 StaticDependenciesID=cff10e0e93a10e77c402345816f11640 
Asset Pipeline Refresh (id=51d9f086e7e27aa40b314923c0f1b7d6): Total: 0.049 seconds - Initiated by StopAssetImportingV2(NoUpdateAssetOptions)
MonoPathRemapper: Attempts to remap: 58972; Successful remaps: 24222
Serialized file version minimum: 23, current 23
[LAYOUT] About to save layout C:\Users\maksi\PR4_Visual_UI\UserSettings\Layouts\default-6000.dwlt
[LAYOUT] About to save layout C:/Users/maksi/AppData/Roaming/Unity/Editor-5.x/Preferences\Layouts\current\default-6000.dwlt
Clearing [LiberationSans SDF - Fallback] dynamic font asset data.
UnityEngine.Debug:ExtractStackTraceNoAlloc (byte*,int,string)
UnityEngine.StackTraceUtility:ExtractStackTrace ()
UnityEngine.DebugLogHandler:Internal_Log (UnityEngine.LogType,UnityEngine.LogOption,string,UnityEngine.Object)
UnityEngine.DebugLogHandler:LogFormat (UnityEngine.LogType,UnityEngine.Object,string,object[])
UnityEngine.Logger:Log (UnityEngine.LogType,object)
UnityEngine.Debug:Log (object)
TMPro.EditorEventCallbacks/<>c:<InitializeFontAssetResourceChangeCallBacks>b__0_0 () (at ./Library/PackageCache/com.unity.ugui@23caec89ae27/Editor/TMP/TMP_EditorResourceManager.cs:36)
UnityEditor.EditorApplication:Internal_EditorApplicationQuit ()

(Filename: ./Library/PackageCache/com.unity.ugui@23caec89ae27/Editor/TMP/TMP_EditorResourceManager.cs Line: 36)

Importing 'GUID: 2e498d1c8094910479dc3e1b768306a4 - Path: Assets/TextMesh Pro/Resources/Fonts & Materials/LiberationSans SDF - Fallback.asset' with importer (NativeFormatImporter)
Imported 'GUID: 2e498d1c8094910479dc3e1b768306a4' -> (Import Result ID: '6d781e73c222eaa47b2487e9bcc80fe2') in 0.002 seconds [static dependencies only]. Details - ImportResultOutputID=15c8c079d336d28f621b2cb41a27d1c5 DependenciesID=2361a5d0d2bd027c81d4ca4c76cbe7b2 StaticDependenciesID=3d0114af7d9151157afd14ee83a2e7d0 
Asset Pipeline Refresh (id=6c3487f16a0390249a60af57ca659781): Total: 0.038 seconds - Initiated by StopAssetImportingV2(NoUpdateAssetOptions)
Input System module state changed to: ShutdownInProgress.
Input Polling Thread exited.
Input System module state changed to: Shutdown.
[Physics::Module] Cleanup current backend.
[Physics::Module] Id: 0xf2b8ea05
[Licensing::IpcConnector] LicenseClient-maksi-notifications channel disconnected successfully.
[Licensing::IpcConnector] LicenseClient-maksi channel disconnected successfully.
Lingering sessions upon destruction of worker manager
Unity Data Store service was successfully shut down
UDS shutting down local client system
Shut down UDS service system complete
AcceleratorClientConnectionCallback - disconnected - :0
Cleanup mono
CodeReloadManager destroyed
abort_threads: Failed aborting id: 00000000000051B0, mono_thread_manage will ignore it

abort_threads: Failed aborting id: 0000000000004B60, mono_thread_manage will ignore it

abort_threads: Failed aborting id: 00000000000051B0, mono_thread_manage will ignore it

abort_threads: Failed aborting id: 0000000000004B60, mono_thread_manage will ignore it

debugger-agent: Unable to listen on 4840
Checking for leaked weakptr:
  Found no leaked weakptrs.
[Package Manager] Server process was shutdown
##utp:{"type":"MemoryLeaks","version":2,"phase":"Immediate","time":1789393398265,"processId":12172,"allocatedMemory":17383880,"memoryLabels":[{"Default":197694},{"Permanent":15516},{"NewDelete":69001},{"Thread":4206112},{"Manager":820328},{"VertexData":8},{"Geometry":816},{"Texture":24},{"Shader":869331},{"Material":24},{"GfxDevice":64056},{"GfxThread":1536},{"Animation":952},{"FreeType":8},{"FontEngine":736},{"Physics":1970},{"Physics2D":16},{"Serialization":128976},{"Input":45280},{"JobScheduler":256},{"TextLib":21550},{"Mono":48},{"MonoCode":192},{"ScriptingNativeRuntime":1272608},{"BaseObject":50512},{"Resource":1208},{"Renderer":2376},{"Transform":4685},{"File":7389},{"WebCam":616},{"Culling":32},{"Terrain":11442},{"Wind":24},{"STL":40},{"String":454623},{"StaticString":3808},{"Utility":2674426},{"Curl":48},{"PoolAlloc":2408},{"AI":80},{"TypeTree":17165},{"ScriptManager":18960},{"CodeReload":448},{"RuntimeInitializeOnLoadManager":64},{"Sprites":102},{"SpriteAtlas":120},{"GI":7816},{"Director":8296},{"CloudService":7728},{"WebRequest":5546},{"VR":49650},{"SceneManager":608},{"Video":208},{"LazyScriptCache":32},{"NativeArray":1080},{"Camera":729},{"Secure":265},{"SerializationCache":9256},{"APIUpdating":10320},{"Subsystems":336},{"VirtualTexturing":57888},{"StaticSafetyDebugInfo":278528},{"Analytics":768},{"Hierarchy":1188},{"UIElements":40},{"CoreStats":14456},{"Identifiers":7152},{"Gui":803216},{"EditorUtility":145465},{"VersionControl":8},{"Undo":931},{"AssetDatabase":4939019},{"AssetImporter":40},{"EditorGi":328},{"UnityConnect":36882},{"Upm":1988},{"UpmDiagnostics":8},{"AssetCompliance":96},{"DrivenProperties":72},{"LocalIPC":260},{"ProfilerEditor":9746},{"CoreBusinessMetrics":3600},{"Windowing":456},{"Licensing":12805},{"AssetReference":32},{"IPCStream":32}]}
